Component: ARM Compiler 5.06 update 6 (build 750) Tool: armlink [4d35ed]

==============================================================================

Section Cross References

    startup_stm32h723xx.o(STACK) refers (Special) to heapauxi.o(.text) for __use_two_region_memory
    startup_stm32h723xx.o(HEAP) refers (Special) to heapauxi.o(.text) for __use_two_region_memory
    startup_stm32h723xx.o(RESET) refers (Special) to heapauxi.o(.text) for __use_two_region_memory
    startup_stm32h723xx.o(RESET) refers to startup_stm32h723xx.o(STACK) for __initial_sp
    startup_stm32h723xx.o(RESET) refers to startup_stm32h723xx.o(.text) for Reset_Handler
    startup_stm32h723xx.o(RESET) refers to stm32h7xx_it.o(i.NMI_Handler) for NMI_Handler
    startup_stm32h723xx.o(RESET) refers to stm32h7xx_it.o(i.HardFault_Handler) for HardFault_Handler
    startup_stm32h723xx.o(RESET) refers to stm32h7xx_it.o(i.MemManage_Handler) for MemManage_Handler
    startup_stm32h723xx.o(RESET) refers to stm32h7xx_it.o(i.BusFault_Handler) for BusFault_Handler
    startup_stm32h723xx.o(RESET) refers to stm32h7xx_it.o(i.UsageFault_Handler) for UsageFault_Handler
    startup_stm32h723xx.o(RESET) refers to stm32h7xx_it.o(i.SVC_Handler) for SVC_Handler
    startup_stm32h723xx.o(RESET) refers to stm32h7xx_it.o(i.DebugMon_Handler) for DebugMon_Handler
    startup_stm32h723xx.o(RESET) refers to stm32h7xx_it.o(i.PendSV_Handler) for PendSV_Handler
    startup_stm32h723xx.o(RESET) refers to stm32h7xx_it.o(i.SysTick_Handler) for SysTick_Handler
    startup_stm32h723xx.o(RESET) refers to stm32h7xx_it.o(i.FDCAN1_IT0_IRQHandler) for FDCAN1_IT0_IRQHandler
    startup_stm32h723xx.o(RESET) refers to stm32h7xx_it.o(i.FDCAN2_IT0_IRQHandler) for FDCAN2_IT0_IRQHandler
    startup_stm32h723xx.o(RESET) refers to stm32h7xx_it.o(i.FDCAN1_IT1_IRQHandler) for FDCAN1_IT1_IRQHandler
    startup_stm32h723xx.o(RESET) refers to stm32h7xx_it.o(i.FDCAN2_IT1_IRQHandler) for FDCAN2_IT1_IRQHandler
    startup_stm32h723xx.o(RESET) refers to stm32h7xx_it.o(i.TIM2_IRQHandler) for TIM2_IRQHandler
    startup_stm32h723xx.o(RESET) refers to stm32h7xx_it.o(i.TIM3_IRQHandler) for TIM3_IRQHandler
    startup_stm32h723xx.o(.text) refers (Special) to heapauxi.o(.text) for __use_two_region_memory
    startup_stm32h723xx.o(.text) refers to system_stm32h7xx.o(i.SystemInit) for SystemInit
    startup_stm32h723xx.o(.text) refers to __main.o(!!!main) for __main
    startup_stm32h723xx.o(.text) refers to startup_stm32h723xx.o(HEAP) for Heap_Mem
    startup_stm32h723xx.o(.text) refers to startup_stm32h723xx.o(STACK) for Stack_Mem
    main.o(i._Z16fdcanx_send_dataP19FDCAN_HandleTypeDefjPhj) refers to stm32h7xx_hal_fdcan.o(i.HAL_FDCAN_AddMessageToTxFifoQ) for HAL_FDCAN_AddMessageToTxFifoQ
    main.o(i._Z18SystemClock_Configv) refers to rt_memclr_w.o(.text) for __aeabi_memclr4
    main.o(i._Z18SystemClock_Configv) refers to stm32h7xx_hal_pwr_ex.o(i.HAL_PWREx_ConfigSupply) for HAL_PWREx_ConfigSupply
    main.o(i._Z18SystemClock_Configv) refers to stm32h7xx_hal_rcc.o(i.HAL_RCC_OscConfig) for HAL_RCC_OscConfig
    main.o(i._Z18SystemClock_Configv) refers to stm32h7xx_hal_rcc.o(i.HAL_RCC_ClockConfig) for HAL_RCC_ClockConfig
    main.o(i._ZN27_INTERNAL_6_main_c_fbe07eec12MX_GPIO_InitEv) refers to rt_memclr_w.o(.text) for __aeabi_memclr4
    main.o(i._ZN27_INTERNAL_6_main_c_fbe07eec12MX_GPIO_InitEv) refers to stm32h7xx_hal_gpio.o(i.HAL_GPIO_Init) for HAL_GPIO_Init
    main.o(i._ZN27_INTERNAL_6_main_c_fbe07eec12MX_TIM2_InitEv) refers to stm32h7xx_hal_tim.o(i.HAL_TIM_Base_Init) for HAL_TIM_Base_Init
    main.o(i._ZN27_INTERNAL_6_main_c_fbe07eec12MX_TIM2_InitEv) refers to stm32h7xx_hal_tim.o(i.HAL_TIM_ConfigClockSource) for HAL_TIM_ConfigClockSource
    main.o(i._ZN27_INTERNAL_6_main_c_fbe07eec12MX_TIM2_InitEv) refers to stm32h7xx_hal_tim_ex.o(i.HAL_TIMEx_MasterConfigSynchronization) for HAL_TIMEx_MasterConfigSynchronization
    main.o(i._ZN27_INTERNAL_6_main_c_fbe07eec12MX_TIM2_InitEv) refers to main.o(.bss) for .bss
    main.o(i._ZN27_INTERNAL_6_main_c_fbe07eec12MX_TIM3_InitEv) refers to stm32h7xx_hal_tim.o(i.HAL_TIM_Base_Init) for HAL_TIM_Base_Init
    main.o(i._ZN27_INTERNAL_6_main_c_fbe07eec12MX_TIM3_InitEv) refers to stm32h7xx_hal_tim.o(i.HAL_TIM_ConfigClockSource) for HAL_TIM_ConfigClockSource
    main.o(i._ZN27_INTERNAL_6_main_c_fbe07eec12MX_TIM3_InitEv) refers to stm32h7xx_hal_tim_ex.o(i.HAL_TIMEx_MasterConfigSynchronization) for HAL_TIMEx_MasterConfigSynchronization
    main.o(i._ZN27_INTERNAL_6_main_c_fbe07eec12MX_TIM3_InitEv) refers to main.o(.bss) for .bss
    main.o(i._ZN27_INTERNAL_6_main_c_fbe07eec14MX_FDCAN1_InitEv) refers to stm32h7xx_hal_fdcan.o(i.HAL_FDCAN_Init) for HAL_FDCAN_Init
    main.o(i._ZN27_INTERNAL_6_main_c_fbe07eec14MX_FDCAN1_InitEv) refers to main.o(.bss) for .bss
    main.o(i._ZN27_INTERNAL_6_main_c_fbe07eec14MX_FDCAN2_InitEv) refers to stm32h7xx_hal_fdcan.o(i.HAL_FDCAN_Init) for HAL_FDCAN_Init
[...]
    i.PendSV_Handler                         0x08002ef4   Section        0  stm32h7xx_it.o(i.PendSV_Handler)
    i.SVC_Handler                            0x08002ef6   Section        0  stm32h7xx_it.o(i.SVC_Handler)
    i.SysTick_Handler                        0x08002ef8   Section        0  stm32h7xx_it.o(i.SysTick_Handler)
    i.SystemInit                             0x08002efc   Section        0  system_stm32h7xx.o(i.SystemInit)
    i.TIM2_IRQHandler                        0x08002fbc   Section        0  stm32h7xx_it.o(i.TIM2_IRQHandler)
    i.TIM3_IRQHandler                        0x08002fc8   Section        0  stm32h7xx_it.o(i.TIM3_IRQHandler)
    i.TIM_Base_SetConfig                     0x08002fd4   Section        0  stm32h7xx_hal_tim.o(i.TIM_Base_SetConfig)
    i.TIM_ETR_SetConfig                      0x080030b8   Section        0  stm32h7xx_hal_tim.o(i.TIM_ETR_SetConfig)
    i.UsageFault_Handler                     0x080030ca   Section        0  stm32h7xx_it.o(i.UsageFault_Handler)
    i._Z18SystemClock_Configv                0x080030cc   Section        0  main.o(i._Z18SystemClock_Configv)
    i._ZN15CybergearDriver11reset_motorEv    0x08003160   Section        0  cybergear_driver.o(i._ZN15CybergearDriver11reset_motorEv)
    i._ZN15CybergearDriver12enable_motorEv   0x0800317c   Section        0  cybergear_driver.o(i._ZN15CybergearDriver12enable_motorEv)
    i._ZN15CybergearDriver12send_commandEhhthPh 0x08003198   Section        0  cybergear_driver.o(i._ZN15CybergearDriver12send_commandEhhthPh)
    i._ZN15CybergearDriver12set_run_modeEh   0x080031da   Section        0  cybergear_driver.o(i._ZN15CybergearDriver12set_run_modeEh)
    i._ZN15CybergearDriver13float_to_uintEfffi 0x08003208   Section        0  cybergear_driver.o(i._ZN15CybergearDriver13float_to_uintEfffi)
    i._ZN15CybergearDriver13motor_controlEfffff 0x08003254   Section        0  cybergear_driver.o(i._ZN15CybergearDriver13motor_controlEfffff)
    i._ZN15CybergearDriver25set_mech_position_to_zeroEv 0x0800336c   Section        0  cybergear_driver.o(i._ZN15CybergearDriver25set_mech_position_to_zeroEv)
    i._ZN15CybergearDriver4initEP21CybergearCanInterfacet 0x0800338e   Section        0  cybergear_driver.o(i._ZN15CybergearDriver4initEP21CybergearCanInterfacet)
    i._ZN15CybergearDriverC1Ehh              0x08003394   Section        0  cybergear_driver.o(i._ZN15CybergearDriverC1Ehh)
    i._ZN26CybergearCanInterfaceStm3212send_messageEjPKhhb 0x080033b0   Section        0  cybergear_can_interface_stm32.o(i._ZN26CybergearCanInterfaceStm3212send_messageEjPKhhb)
    i._ZN26CybergearCanInterfaceStm327initCanEP19FDCAN_HandleTypeDef 0x08003472   Section        0  cybergear_can_interface_stm32.o(i._ZN26CybergearCanInterfaceStm327initCanEP19FDCAN_HandleTypeDef)
    i._ZN26CybergearCanInterfaceStm32C1Ev    0x080034c4   Section        0  cybergear_can_interface_stm32.o(i._ZN26CybergearCanInterfaceStm32C1Ev)
    i._ZN27_INTERNAL_6_main_c_fbe07eec12MX_GPIO_InitEv 0x080034d0   Section        0  main.o(i._ZN27_INTERNAL_6_main_c_fbe07eec12MX_GPIO_InitEv)
    [local to main_c]::MX_GPIO_Init()        0x080034d1   Thumb Code   102  main.o(i._ZN27_INTERNAL_6_main_c_fbe07eec12MX_GPIO_InitEv)
    i._ZN27_INTERNAL_6_main_c_fbe07eec12MX_TIM2_InitEv 0x08003540   Section        0  main.o(i._ZN27_INTERNAL_6_main_c_fbe07eec12MX_TIM2_InitEv)
    [local to main_c]::MX_TIM2_Init()        0x08003541   Thumb Code    98  main.o(i._ZN27_INTERNAL_6_main_c_fbe07eec12MX_TIM2_InitEv)
    i._ZN27_INTERNAL_6_main_c_fbe07eec12MX_TIM3_InitEv 0x080035a8   Section        0  main.o(i._ZN27_INTERNAL_6_main_c_fbe07eec12MX_TIM3_InitEv)
    [local to main_c]::MX_TIM3_Init()        0x080035a9   Thumb Code    96  main.o(i._ZN27_INTERNAL_6_main_c_fbe07eec12MX_TIM3_InitEv)
    i._ZN27_INTERNAL_6_main_c_fbe07eec14MX_FDCAN1_InitEv 0x08003610   Section        0  main.o(i._ZN27_INTERNAL_6_main_c_fbe07eec14MX_FDCAN1_InitEv)
    [local to main_c]::MX_FDCAN1_Init()      0x08003611   Thumb Code    90  main.o(i._ZN27_INTERNAL_6_main_c_fbe07eec14MX_FDCAN1_InitEv)
    i._ZN27_INTERNAL_6_main_c_fbe07eec14MX_FDCAN2_InitEv 0x08003674   Section        0  main.o(i._ZN27_INTERNAL_6_main_c_fbe07eec14MX_FDCAN2_InitEv)
    [local to main_c]::MX_FDCAN2_Init()      0x08003675   Thumb Code    90  main.o(i._ZN27_INTERNAL_6_main_c_fbe07eec14MX_FDCAN2_InitEv)
    i._ZN41_INTERNAL_19_stm32h7xx_hal_tim_c_a9d95b5218TIM_ITRx_SetConfigEP11TIM_TypeDefj 0x080036d8   Section        0  stm32h7xx_hal_tim.o(i._ZN41_INTERNAL_19_stm32h7xx_hal_tim_c_a9d95b5218TIM_ITRx_SetConfigEP11TIM_TypeDefj)
    [local to stm32h7xx_hal_tim_c]::TIM_ITRx_SetConfig(TIM_TypeDef*, unsigned) 0x080036d9   Thumb Code    16  stm32h7xx_hal_tim.o(i._ZN41_INTERNAL_19_stm32h7xx_hal_tim_c_a9d95b5218TIM_ITRx_SetConfigEP11TIM_TypeDefj)
    i._ZN41_INTERNAL_19_stm32h7xx_hal_tim_c_a9d95b5224TIM_TI1_ConfigInputStageEP11TIM_TypeDefjj 0x080036ec   Section        0  stm32h7xx_hal_tim.o(i._ZN41_INTERNAL_19_stm32h7xx_hal_tim_c_a9d95b5224TIM_TI1_ConfigInputStageEP11TIM_TypeDefjj)
    [local to stm32h7xx_hal_tim_c]::TIM_TI1_ConfigInputStage(TIM_TypeDef*, unsigned, unsigned) 0x080036ed   Thumb Code    34  stm32h7xx_hal_tim.o(i._ZN41_INTERNAL_19_stm32h7xx_hal_tim_c_a9d95b5224TIM_TI1_ConfigInputStageEP11TIM_TypeDefjj)
    i._ZN41_INTERNAL_19_stm32h7xx_hal_tim_c_a9d95b5224TIM_TI2_ConfigInputStageEP11TIM_TypeDefjj 0x0800370e   Section        0  stm32h7xx_hal_tim.o(i._ZN41_INTERNAL_19_stm32h7xx_hal_tim_c_a9d95b5224TIM_TI2_ConfigInputStageEP11TIM_TypeDefjj)
    [local to stm32h7xx_hal_tim_c]::TIM_TI2_ConfigInputStage(TIM_TypeDef*, unsigned, unsigned) 0x0800370f   Thumb Code    36  stm32h7xx_hal_tim.o(i._ZN41_INTERNAL_19_stm32h7xx_hal_tim_c_a9d95b5224TIM_TI2_ConfigInputStageEP11TIM_TypeDefjj)
    i._ZN43_INTERNAL_21_stm32h7xx_hal_fdcan_c_80c832c222FDCAN_CopyMessageToRAMEPK19FDCAN_HandleTypeDefPK21FDCAN_TxHeaderTypeDefPKhj 0x08003734   Section        0  stm32h7xx_hal_fdcan.o(i._ZN43_INTERNAL_21_stm32h7xx_hal_fdcan_c_80c832c222FDCAN_CopyMessageToRAMEPK19FDCAN_HandleTypeDefPK21FDCAN_TxHeaderTypeDefPKhj)
    [local to stm32h7xx_hal_fdcan_c]::FDCAN_CopyMessageToRAM(const FDCAN_HandleTypeDef*, const FDCAN_TxHeaderTypeDef*, const unsigned char*, unsigned) 0x08003735   Thumb Code   104  stm32h7xx_hal_fdcan.o(i._ZN43_INTERNAL_21_stm32h7xx_hal_fdcan_c_80c832c222FDCAN_CopyMessageToRAMEPK19FDCAN_HandleTypeDefPK21FDCAN_TxHeaderTypeDefPKhj)
    i._ZN43_INTERNAL_21_stm32h7xx_hal_fdcan_c_80c832c233FDCAN_CalcultateRamBlockAddressesEP19FDCAN_HandleTypeDef 0x080037a0   Section        0  stm32h7xx_hal_fdcan.o(i._ZN43_INTERNAL_21_stm32h7xx_hal_fdcan_c_80c832c233FDCAN_CalcultateRamBlockAddressesEP19FDCAN_HandleTypeDef)
    [local to stm32h7xx_hal_fdcan_c]::FDCAN_CalcultateRamBlockAddresses(FDCAN_HandleTypeDef*) 0x080037a1   Thumb Code   446  stm32h7xx_hal_fdcan.o(i._ZN43_INTERNAL_21_stm32h7xx_hal_fdcan_c_80c832c233FDCAN_CalcultateRamBlockAddressesEP19FDCAN_HandleTypeDef)
    i._ZN44_INTERNAL_22_stm32h7xx_hal_cortex_c_2992dbc018__NVIC_SetPriorityE9IRQn_Typej 0x08003968   Section        0  stm32h7xx_hal_cortex.o(i._ZN44_INTERNAL_22_stm32h7xx_hal_cortex_c_2992dbc018__NVIC_SetPriorityE9IRQn_Typej)
    [local to stm32h7xx_hal_cortex_c]::__NVIC_SetPriority(IRQn_Type, unsigned) 0x08003969   Thumb Code    34  stm32h7xx_hal_cortex.o(i._ZN44_INTERNAL_22_stm32h7xx_hal_cortex_c_2992dbc018__NVIC_SetPriorityE9IRQn_Typej)
    i._ZN44_INTERNAL_22_stm32h7xx_hal_rcc_ex_c_bed13b4417RCCEx_PLL2_ConfigEP19RCC_PLL2InitTypeDefj 0x0800398c   Section        0  stm32h7xx_hal_rcc_ex.o(i._ZN44_INTERNAL_22_stm32h7xx_hal_rcc_ex_c_bed13b4417RCCEx_PLL2_ConfigEP19RCC_PLL2InitTypeDefj)
    [local to stm32h7xx_hal_rcc_ex_c]::RCCEx_PLL2_Config(RCC_PLL2InitTypeDef*, unsigned) 0x0800398d   Thumb Code   284  stm32h7xx_hal_rcc_ex.o(i._ZN44_INTERNAL_22_stm32h7xx_hal_rcc_ex_c_bed13b4417RCCEx_PLL2_ConfigEP19RCC_PLL2InitTypeDefj)
    i._ZN44_INTERNAL_22_stm32h7xx_hal_rcc_ex_c_bed13b4417RCCEx_PLL3_ConfigEP19RCC_PLL3InitTypeDefj 0x08003aac   Section        0  stm32h7xx_hal_rcc_ex.o(i._ZN44_INTERNAL_22_stm32h7xx_hal_rcc_ex_c_bed13b4417RCCEx_PLL3_ConfigEP19RCC_PLL3InitTypeDefj)
    [local to stm32h7xx_hal_rcc_ex_c]::RCCEx_PLL3_Config(RCC_PLL3InitTypeDef*, unsigned) 0x08003aad   Thumb Code   284  stm32h7xx_hal_rcc_ex.o(i._ZN44_INTERNAL_22_stm32h7xx_hal_rcc_ex_c_bed13b4417RCCEx_PLL3_ConfigEP19RCC_PLL3InitTypeDefj)
    i._ZNK15CybergearDriver12get_run_modeEv  0x08003bcc   Section        0  cybergear_driver.o(i._ZNK15CybergearDriver12get_run_modeEv)
    i._ZdaPv                                 0x08003bd0   Section        0  array_del.o(i._ZdaPv)
    i._ZdlPv                                 0x08003bd8   Section        0  delete.o(i._ZdlPv)
    i._Znaj                                  0x08003be0   Section        0  array_new.o(i._Znaj)
    i._Znwj                                  0x08003be8   Section        0  new.o(i._Znwj)
    i.__sti___10_locale_cpp_ff99fc7b         0x08003c10   Section        0  locale.o(i.__sti___10_locale_cpp_ff99fc7b)
    __sti___10_locale_cpp_ff99fc7b           0x08003c11   Thumb Code    12  locale.o(i.__sti___10_locale_cpp_ff99fc7b)
    i.__sti___10_rwcats_cpp_64e8068e         0x08003c20   Section        0  rwcats.o(i.__sti___10_rwcats_cpp_64e8068e)
    __sti___10_rwcats_cpp_64e8068e           0x08003c21   Thumb Code    42  rwcats.o(i.__sti___10_rwcats_cpp_64e8068e)
    i.__sti___8_char_cpp_a3dc957a            0x08003c58   Section        0  char.o(i.__sti___8_char_cpp_a3dc957a)
    __sti___8_char_cpp_a3dc957a              0x08003c59   Thumb Code    12  char.o(i.__sti___8_char_cpp_a3dc957a)
    i.main                                   0x08003c68   Section        0  main.o(i.main)
    t._ZN4__rw18__rw_locale_vectorIPNS_8__rw_catEED1Ev 0x08003e4c   Section        0  rwcats.o(t._ZN4__rw18__rw_locale_vectorIPNS_8__rw_catEED1Ev)
    x$fpl$fpinit                             0x08003e5a   Section       10  fpinit.o(x$fpl$fpinit)
    $v0                                      0x08003e5a   Number         0  fpinit.o(x$fpl$fpinit)
    .constdata                               0x08003e64   Section       92  stm32h7xx_hal_fdcan.o(.constdata)
    DLCtoBytes                               0x08003e64   Data          16  stm32h7xx_hal_fdcan.o(.constdata)
    .constdata                               0x08003ec0   Section       16  system_stm32h7xx.o(.constdata)
    .constdata__ZTV15CybergearDriver         0x08003ed0   Section       16  cybergear_driver.o(.constdata__ZTV15CybergearDriver)
    .constdata__ZTV26CybergearCanInterfaceStm32 0x08003ee0   Section       32  cybergear_can_interface_stm32.o(.constdata__ZTV26CybergearCanInterfaceStm32)
    .init_array                              0x08003f40   Section        4  char.o(.init_array)
    .init_array                              0x08003f44   Section        4  locale.o(.init_array)
    .init_array                              0x08003f48   Section        4  rwcats.o(.init_array)
    .init_array                              0x08003f4c   Section        0  init_aeabi.o(.init_array)
    .data                                    0x20000000   Section       12  stm32h7xx_hal.o(.data)
    .data                                    0x2000000c   Section        8  system_stm32h7xx.o(.data)
    .data                                    0x20000014   Section        8  char.o(.data)
    .data                                    0x2000001c   Section       28  locale.o(.data)
    _ZGV_ZZNSt6locale7classicEvE5__loc       0x2000001c   Data           4  locale.o(.data)
    std::locale::classic()::__loc            0x20000020   Data           4  locale.o(.data)
    .data                                    0x20000038   Section        8  rwcats.o(.data)
    [local to rwcats_cpp]::__rw::__rw_catlist 0x20000038   Data           8  rwcats.o(.data)
    STACK                                    0x20000040   Section     1024  startup_stm32h723xx.o(STACK)
    Stack_Mem                                0x20000040   Data        1024  startup_stm32h723xx.o(STACK)
    __initial_sp                             0x20000440   Data           0  startup_stm32h723xx.o(STACK)
    .data                                    0x24000000   Section        1  main.o(.data)
    .data                                    0x24000004   Section        4  stm32h7xx_hal_msp.o(.data)
    HAL_RCC_FDCAN_CLK_ENABLED                0x24000004   Data           4  stm32h7xx_hal_msp.o(.data)
    .bss                                     0x24000008   Section      472  main.o(.bss)
    .bss                                     0x240001e0   Section       96  libspace.o(.bss)
    HEAP                                     0x24000240   Section      512  startup_stm32h723xx.o(HEAP)
    Heap_Mem                                 0x24000240   Data         512  startup_stm32h723xx.o(HEAP)

    Global Symbols

    Symbol Name                              Value     Ov Type        Size  Object(Section)

    BuildAttributes$$THM_ISAv4$E$P$D$K$B$S$7EM$VFPv5_D16$PE$PLD8$A:L22UL41UL21$X:L11$S22US41US21$IEEE1$IW$USESV6$~STKCKD$USESV7$~SHL$OTIME$ROPI$IEEEX$EBA8$UX$STANDARDLIB$REQ8$PRES8$EABIv2 0x00000000   Number         0  anon$$obj.o ABSOLUTE
    __ARM_use_no_argv                        0x00000000   Number         0  main.o ABSOLUTE
    _printf_flags                            0x00000000   Number         0  printf_stubs.o ABSOLUTE
    _printf_return_value                     0x00000000   Number         0  printf_stubs.o ABSOLUTE
    _printf_sizespec                         0x00000000   Number         0  printf_stubs.o ABSOLUTE
    _printf_widthprec                        0x00000000   Number         0  printf_stubs.o ABSOLUTE
    SHT$$ARM_EXIDX$$Base                      - Undefined Reference
    SHT$$ARM_EXIDX$$Limit                     - Undefined Reference
    __ARM::default_unexpected_handler()       - Undefined Weak Reference
    __ARM_exceptions_buffer_required          - Undefined Weak Reference
    __ARM_exceptions_init                     - Undefined Weak Reference
    __aeabi_unwind_cpp_pr2                    - Undefined Weak Reference
    __alloca_initialize                       - Undefined Weak Reference
    __arm_preinit_                            - Undefined Weak Reference
    __cxa_type_match                          - Undefined Weak Reference
    __sigvec_lookup                           - Undefined Weak Reference
    __user_heap_extent                        - Undefined Weak Reference
    _atexit_init                              - Undefined Weak Reference
    _call_atexit_fns                          - Undefined Weak Reference
    _clock_init                               - Undefined Weak Reference
    _fp_trap_init                             - Undefined Weak Reference
    _fp_trap_shutdown                         - Undefined Weak Reference
    _get_lc_time                              - Undefined Weak Reference
    _getenv_init                              - Undefined Weak Reference
    _handle_redirection                       - Undefined Weak Reference
    _mbdata                                   - Undefined Weak Reference
    _mutex_acquire                            - Undefined Weak Reference
    _mutex_free                               - Undefined Weak Reference
    _mutex_release                            - Undefined Weak Reference
    _printf_mbtowc                            - Undefined Weak Reference
    _printf_wc                                - Undefined Weak Reference
    _rand_init                                - Undefined Weak Reference
    _signal_finish                            - Undefined Weak Reference
    _signal_init                              - Undefined Weak Reference
    __Vectors_Size                           0x000002cc   Number         0  startup_stm32h723xx.o ABSOLUTE
    __Vectors                                0x08000000   Data           4  startup_stm32h723xx.o(RESET)
    __dso_handle                             0x08000000   Number         0  startup_stm32h723xx.o(RESET)
    __Vectors_End                            0x080002cc   Data           0  startup_stm32h723xx.o(RESET)
    __main                                   0x080002cd   Thumb Code     8  __main.o(!!!main)
    __scatterload                            0x080002d5   Thumb Code     0  __scatter.o(!!!scatter)
    __scatterload_rt2                        0x080002d5   Thumb Code    44  __scatter.o(!!!scatter)
    __scatterload_rt2_thumb_only             0x080002d5   Thumb Code     0  __scatter.o(!!!scatter)
    __scatterload_null                       0x080002e3   Thumb Code     0  __scatter.o(!!!scatter)
    __scatterload_copy                       0x08000309   Thumb Code    26  __scatter_copy.o(!!handler_copy)
    __scatterload_zeroinit                   0x08000325   Thumb Code    28  __scatter_zi.o(!!handler_zi)
    __rt_lib_init                            0x08000341   Thumb Code     0  libinit.o(.ARM.Collect$$libinit$$00000000)
    __rt_lib_init_fp_1                       0x08000343   Thumb Code     0  libinit2.o(.ARM.Collect$$libinit$$00000001)
    __rt_lib_init_heap_2                     0x08000347   Thumb Code     0  libinit2.o(.ARM.Collect$$libinit$$00000005)
    __rt_lib_init_preinit_1                  0x08000347   Thumb Code     0  libinit2.o(.ARM.Collect$$libinit$$00000004)
    __rt_lib_init_alloca_1                   0x0800034f   Thumb Code     0  libinit2.o(.ARM.Collect$$libinit$$0000002E)
    __rt_lib_init_argv_1                     0x0800034f   Thumb Code     0  libinit2.o(.ARM.Collect$$libinit$$0000002C)
    __rt_lib_init_atexit_1                   0x0800034f   Thumb Code     0  libinit2.o(.ARM.Collect$$libinit$$0000001B)
    __rt_lib_init_clock_1                    0x0800034f   Thumb Code     0  libinit2.o(.ARM.Collect$$libinit$$00000021)
    __rt_lib_init_cpp_2                      0x0800034f   Thumb Code     0  libinit2.o(.ARM.Collect$$libinit$$00000031)
    __rt_lib_init_exceptions_1               0x0800034f   Thumb Code     0  libinit2.o(.ARM.Collect$$libinit$$00000030)
    __rt_lib_init_fp_trap_1                  0x0800034f   Thumb Code     0  libinit2.o(.ARM.Collect$$libinit$$0000001F)
    __rt_lib_init_getenv_1                   0x0800034f   Thumb Code     0  libinit2.o(.ARM.Collect$$libinit$$00000023)
    __rt_lib_init_heap_1                     0x0800034f   Thumb Code     0  libinit2.o(.ARM.Collect$$libinit$$0000000A)
    __rt_lib_init_lc_collate_1               0x0800034f   Thumb Code     0  libinit2.o(.ARM.Collect$$libinit$$00000011)
    __rt_lib_init_lc_ctype_1                 0x0800034f   Thumb Code     0  libinit2.o(.ARM.Collect$$libinit$$00000013)
    __rt_lib_init_lc_monetary_1              0x0800034f   Thumb Code     0  libinit2.o(.ARM.Collect$$libinit$$00000015)
    __rt_lib_init_lc_numeric_1               0x0800034f   Thumb Code     0  libinit2.o(.ARM.Collect$$libinit$$00000017)
    __rt_lib_init_lc_time_1                  0x0800034f   Thumb Code     0  libinit2.o(.ARM.Collect$$libinit$$00000019)
    __rt_lib_init_rand_1                     0x0800034f   Thumb Code     0  libinit2.o(.ARM.Collect$$libinit$$0000000E)
    __rt_lib_init_signal_1                   0x0800034f   Thumb Code     0  libinit2.o(.ARM.Collect$$libinit$$0000001D)
    __rt_lib_init_stdio_1                    0x0800034f   Thumb Code     0  libinit2.o(.ARM.Collect$$libinit$$00000025)
    __rt_lib_init_user_alloc_1               0x0800034f   Thumb Code     0  libinit2.o(.ARM.Collect$$libinit$$0000000C)
    __rt_lib_init_cpp_1                      0x08000353   Thumb Code     0  libinit2.o(.ARM.Collect$$libinit$$00000032)
    __rt_lib_init_return                     0x08000353   Thumb Code     0  libinit2.o(.ARM.Collect$$libinit$$00000033)
    __rt_lib_shutdown                        0x08000355   Thumb Code     0  libshutdown.o(.ARM.Collect$$libshutdown$$00000000)
    __rt_lib_shutdown_cpp_2                  0x08000357   Thumb Code     0  libshutdown2.o(.ARM.Collect$$libshutdown$$00000001)
    __rt_lib_shutdown_cpp_1                  0x0800035d   Thumb Code     0  libshutdown2.o(.ARM.Collect$$libshutdown$$00000002)
    __rt_lib_shutdown_fp_trap_1              0x0800035d   Thumb Code     0  libshutdown2.o(.ARM.Collect$$libshutdown$$00000007)
    __rt_lib_shutdown_heap_1                 0x0800035d   Thumb Code     0  libshutdown2.o(.ARM.Collect$$libshutdown$$0000000F)
    __rt_lib_shutdown_return                 0x0800035d   Thumb Code     0  libshutdown2.o(.ARM.Collect$$libshutdown$$00000010)
    __rt_lib_shutdown_signal_1               0x0800035d   Thumb Code     0  libshutdown2.o(.ARM.Collect$$libshutdown$$0000000A)
    __rt_lib_shutdown_stdio_1                0x0800035d   Thumb Code     0  libshutdown2.o(.ARM.Collect$$libshutdown$$00000004)
    __rt_lib_shutdown_user_alloc_1           0x0800035d   Thumb Code     0  libshutdown2.o(.ARM.Collect$$libshutdown$$0000000C)
    __rt_entry                               0x0800035f   Thumb Code     0  __rtentry.o(.ARM.Collect$$rtentry$$00000000)
    __rt_entry_presh_1                       0x0800035f   Thumb Code     0  __rtentry2.o(.ARM.Collect$$rtentry$$00000002)
    __rt_entry_sh                            0x0800035f   Thumb Code     0  __rtentry4.o(.ARM.Collect$$rtentry$$00000004)
    __rt_entry_li                            0x08000365   Thumb Code     0  __rtentry2.o(.ARM.Collect$$rtentry$$0000000A)
    __rt_entry_postsh_1                      0x08000365   Thumb Code     0  __rtentry2.o(.ARM.Collect$$rtentry$$00000009)
    __rt_entry_main                          0x08000369   Thumb Code     0  __rtentry2.o(.ARM.Collect$$rtentry$$0000000D)
    __rt_entry_postli_1                      0x08000369   Thumb Code     0  __rtentry2.o(.ARM.Collect$$rtentry$$0000000C)
    __rt_exit                                0x08000371   Thumb Code     0  rtexit.o(.ARM.Collect$$rtexit$$00000000)
    __rt_exit_ls                             0x08000373   Thumb Code     0  rtexit2.o(.ARM.Collect$$rtexit$$00000003)
    __rt_exit_prels_1                        0x08000373   Thumb Code     0  rtexit2.o(.ARM.Collect$$rtexit$$00000002)
    __rt_exit_exit                           0x08000377   Thumb Code     0  rtexit2.o(.ARM.Collect$$rtexit$$00000004)
    Reset_Handler                            0x0800037d   Thumb Code     8  startup_stm32h723xx.o(.text)
    _maybe_terminate_alloc                   0x0800037d   Thumb Code     0  maybetermalloc1.o(.emb_text)
    ADC3_IRQHandler                          0x08000397   Thumb Code     0  startup_stm32h723xx.o(.text)
    ADC_IRQHandler                           0x08000397   Thumb Code     0  startup_stm32h723xx.o(.text)
    BDMA_Channel0_IRQHandler                 0x08000397   Thumb Code     0  startup_stm32h723xx.o(.text)
    BDMA_Channel1_IRQHandler                 0x08000397   Thumb Code     0  startup_stm32h723xx.o(.text)
    BDMA_Channel2_IRQHandler                 0x08000397   Thumb Code     0  startup_stm32h723xx.o(.text)
    BDMA_Channel3_IRQHandler                 0x08000397   Thumb Code     0  startup_stm32h723xx.o(.text)
    BDMA_Channel4_IRQHandler                 0x08000397   Thumb Code     0  startup_stm32h723xx.o(.text)
    BDMA_Channel5_IRQHandler                 0x08000397   Thumb Code     0  startup_stm32h723xx.o(.text)
    BDMA_Channel6_IRQHandler                 0x08000397   Thumb Code     0  startup_stm32h723xx.o(.text)
    BDMA_Channel7_IRQHandler                 0x08000397   Thumb Code     0  startup_stm32h723xx.o(.text)
    CEC_IRQHandler                           0x08000397   Thumb Code     0  startup_stm32h723xx.o(.text)
    COMP1_IRQHandler                         0x08000397   Thumb Code     0  startup_stm32h723xx.o(.text)
    CORDIC_IRQHandler                        0x08000397   Thumb Code     0  startup_stm32h723xx.o(.text)
    CRS_IRQHandler                           0x08000397   Thumb Code     0  startup_stm32h723xx.o(.text)
    DCMI_PSSI_IRQHandler                     0x08000397   Thumb Code     0  startup_stm32h723xx.o(.text)
    DFSDM1_FLT0_IRQHandler                   0x08000397   Thumb Code     0  startup_stm32h723xx.o(.text)
    DFSDM1_FLT1_IRQHandler                   0x08000397   Thumb Code     0  startup_stm32h723xx.o(.text)
    DFSDM1_FLT2_IRQHandler                   0x08000397   Thumb Code     0  startup_stm32h723xx.o(.text)
    DFSDM1_FLT3_IRQHandler                   0x08000397   Thumb Code     0  startup_stm32h723xx.o(.text)
    DMA1_Stream0_IRQHandler                  0x08000397   Thumb Code     0  startup_stm32h723xx.o(.text)
    DMA1_Stream1_IRQHandler                  0x08000397   Thumb Code     0  startup_stm32h723xx.o(.text)
    DMA1_Stream2_IRQHandler                  0x08000397   Thumb Code     0  startup_stm32h723xx.o(.text)
    DMA1_Stream3_IRQHandler                  0x08000397   Thumb Code     0  startup_stm32h723xx.o(.text)
    DMA1_Stream4_IRQHandler                  0x08000397   Thumb Code     0  startup_stm32h723xx.o(.text)
    DMA1_Stream5_IRQHandler                  0x08000397   Thumb Code     0  startup_stm32h723xx.o(.text)
    DMA1_Stream6_IRQHandler                  0x08000397   Thumb Code     0  startup_stm32h723xx.o(.text)
    DMA1_Stream7_IRQHandler                  0x08000397   Thumb Code     0  startup_stm32h723xx.o(.text)
    DMA2D_IRQHandler                         0x08000397   Thumb Code     0  startup_stm32h723xx.o(.text)
    DMA2_Stream0_IRQHandler                  0x08000397   Thumb Code     0  startup_stm32h723xx.o(.text)
    DMA2_Stream1_IRQHandler                  0x08000397   Thumb Code     0  startup_stm32h723xx.o(.text)
    DMA2_Stream2_IRQHandler                  0x08000397   Thumb Code     0  startup_stm32h723xx.o(.text)
    DMA2_Stream3_IRQHandler                  0x08000397   Thumb Code     0  startup_stm32h723xx.o(.text)
    DMA2_Stream4_IRQHandler                  0x08000397   Thumb Code     0  startup_stm32h723xx.o(.text)
    DMA2_Stream5_IRQHandler                  0x08000397   Thumb Code     0  startup_stm32h723xx.o(.text)
    DMA2_Stream6_IRQHandler                  0x08000397   Thumb Code     0  startup_stm32h723xx.o(.text)
    DMA2_Stream7_IRQHandler                  0x08000397   Thumb Code     0  startup_stm32h723xx.o(.text)
    DMAMUX1_OVR_IRQHandler                   0x08000397   Thumb Code     0  startup_stm32h723xx.o(.text)
    DMAMUX2_OVR_IRQHandler                   0x08000397   Thumb Code     0  startup_stm32h723xx.o(.text)
    DTS_IRQHandler                           0x08000397   Thumb Code     0  startup_stm32h723xx.o(.text)
    ECC_IRQHandler                           0x08000397   Thumb Code     0  startup_stm32h723xx.o(.text)
    ETH_IRQHandler                           0x08000397   Thumb Code     0  startup_stm32h723xx.o(.text)
    ETH_WKUP_IRQHandler                      0x08000397   Thumb Code     0  startup_stm32h723xx.o(.text)
    EXTI0_IRQHandler                         0x08000397   Thumb Code     0  startup_stm32h723xx.o(.text)
    EXTI15_10_IRQHandler                     0x08000397   Thumb Code     0  startup_stm32h723xx.o(.text)
    EXTI1_IRQHandler                         0x08000397   Thumb Code     0  startup_stm32h723xx.o(.text)
    EXTI2_IRQHandler                         0x08000397   Thumb Code     0  startup_stm32h723xx.o(.text)
    EXTI3_IRQHandler                         0x08000397   Thumb Code     0  startup_stm32h723xx.o(.text)
    EXTI4_IRQHandler                         0x08000397   Thumb Code     0  startup_stm32h723xx.o(.text)
    EXTI9_5_IRQHandler                       0x08000397   Thumb Code     0  startup_stm32h723xx.o(.text)
    FDCAN3_IT0_IRQHandler                    0x08000397   Thumb Code     0  startup_stm32h723xx.o(.text)
    FDCAN3_IT1_IRQHandler                    0x08000397   Thumb Code     0  startup_stm32h723xx.o(.text)
    FDCAN_CAL_IRQHandler                     0x08000397   Thumb Code     0  startup_stm32h723xx.o(.text)
    FLASH_IRQHandler                         0x08000397   Thumb Code     0  startup_stm32h723xx.o(.text)
    FMAC_IRQHandler                          0x08000397   Thumb Code     0  startup_stm32h723xx.o(.text)
    FMC_IRQHandler                           0x08000397   Thumb Code     0  startup_stm32h723xx.o(.text)
    FPU_IRQHandler                           0x08000397   Thumb Code     0  startup_stm32h723xx.o(.text)
    HSEM1_IRQHandler                         0x08000397   Thumb Code     0  startup_stm32h723xx.o(.text)
    I2C1_ER_IRQHandler                       0x08000397   Thumb Code     0  startup_stm32h723xx.o(.text)
    I2C1_EV_IRQHandler                       0x08000397   Thumb Code     0  startup_stm32h723xx.o(.text)
    I2C2_ER_IRQHandler                       0x08000397   Thumb Code     0  startup_stm32h723xx.o(.text)
    I2C2_EV_IRQHandler                       0x08000397   Thumb Code     0  startup_stm32h723xx.o(.text)
    I2C3_ER_IRQHandler                       0x08000397   Thumb Code     0  startup_stm32h723xx.o(.text)
    I2C3_EV_IRQHandler                       0x08000397   Thumb Code     0  startup_stm32h723xx.o(.text)
    I2C4_ER_IRQHandler                       0x08000397   Thumb Code     0  startup_stm32h723xx.o(.text)
    I2C4_EV_IRQHandler                       0x08000397   Thumb Code     0  startup_stm32h723xx.o(.text)
    I2C5_ER_IRQHandler                       0x08000397   Thumb Code     0  startup_stm32h723xx.o(.text)
    I2C5_EV_IRQHandler                       0x08000397   Thumb Code     0  startup_stm32h723xx.o(.text)
    LPTIM1_IRQHandler                        0x08000397   Thumb Code     0  startup_stm32h723xx.o(.text)
    LPTIM2_IRQHandler                        0x08000397   Thumb Code     0  startup_stm32h723xx.o(.text)
    LPTIM3_IRQHandler                        0x08000397   Thumb Code     0  startup_stm32h723xx.o(.text)
    LPTIM4_IRQHandler                        0x08000397   Thumb Code     0  startup_stm32h723xx.o(.text)
    LPTIM5_IRQHandler                        0x08000397   Thumb Code     0  startup_stm32h723xx.o(.text)
    LPUART1_IRQHandler                       0x08000397   Thumb Code     0  startup_stm32h723xx.o(.text)
    LTDC_ER_IRQHandler                       0x08000397   Thumb Code     0  startup_stm32h723xx.o(.text)
    LTDC_IRQHandler                          0x08000397   Thumb Code     0  startup_stm32h723xx.o(.text)
    MDIOS_IRQHandler                         0x08000397   Thumb Code     0  startup_stm32h723xx.o(.text)
    MDIOS_WKUP_IRQHandler                    0x08000397   Thumb Code     0  startup_stm32h723xx.o(.text)
    MDMA_IRQHandler                          0x08000397   Thumb Code     0  startup_stm32h723xx.o(.text)
    OCTOSPI1_IRQHandler                      0x08000397   Thumb Code     0  startup_stm32h723xx.o(.text)
    OCTOSPI2_IRQHandler                      0x08000397   Thumb Code     0  startup_stm32h723xx.o(.text)
    OTG_HS_EP1_IN_IRQHandler                 0x08000397   Thumb Code     0  startup_stm32h723xx.o(.text)
    OTG_HS_EP1_OUT_IRQHandler                0x08000397   Thumb Code     0  startup_stm32h723xx.o(.text)
    OTG_HS_IRQHandler                        0x08000397   Thumb Code     0  startup_stm32h723xx.o(.text)
    OTG_HS_WKUP_IRQHandler                   0x08000397   Thumb Code     0  startup_stm32h723xx.o(.text)
    PVD_AVD_IRQHandler                       0x08000397   Thumb Code     0  startup_stm32h723xx.o(.text)
    RCC_IRQHandler                           0x08000397   Thumb Code     0  startup_stm32h723xx.o(.text)
    RNG_IRQHandler                           0x08000397   Thumb Code     0  startup_stm32h723xx.o(.text)
    RTC_Alarm_IRQHandler                     0x08000397   Thumb Code     0  startup_stm32h723xx.o(.text)
    RTC_WKUP_IRQHandler                      0x08000397   Thumb Code     0  startup_stm32h723xx.o(.text)
    SAI1_IRQHandler                          0x08000397   Thumb Code     0  startup_stm32h723xx.o(.text)
    SAI4_IRQHandler                          0x08000397   Thumb Code     0  startup_stm32h723xx.o(.text)
    SDMMC1_IRQHandler                        0x08000397   Thumb Code     0  startup_stm32h723xx.o(.text)
    SDMMC2_IRQHandler                        0x08000397   Thumb Code     0  startup_stm32h723xx.o(.text)
    SPDIF_RX_IRQHandler                      0x08000397   Thumb Code     0  startup_stm32h723xx.o(.text)
    SPI1_IRQHandler                          0x08000397   Thumb Code     0  startup_stm32h723xx.o(.text)
    SPI2_IRQHandler                          0x08000397   Thumb Code     0  startup_stm32h723xx.o(.text)
    SPI3_IRQHandler                          0x08000397   Thumb Code     0  startup_stm32h723xx.o(.text)
    SPI4_IRQHandler                          0x08000397   Thumb Code     0  startup_stm32h723xx.o(.text)
    SPI5_IRQHandler                          0x08000397   Thumb Code     0  startup_stm32h723xx.o(.text)
    SPI6_IRQHandler                          0x08000397   Thumb Code     0  startup_stm32h723xx.o(.text)
    SWPMI1_IRQHandler                        0x08000397   Thumb Code     0  startup_stm32h723xx.o(.text)
    TAMP_STAMP_IRQHandler                    0x08000397   Thumb Code     0  startup_stm32h723xx.o(.text)
    TIM15_IRQHandler                         0x08000397   Thumb Code     0  startup_stm32h723xx.o(.text)
    TIM16_IRQHandler                         0x08000397   Thumb Code     0  startup_stm32h723xx.o(.text)
    TIM17_IRQHandler                         0x08000397   Thumb Code     0  startup_stm32h723xx.o(.text)
    TIM1_BRK_IRQHandler                      0x08000397   Thumb Code     0  startup_stm32h723xx.o(.text)
    TIM1_CC_IRQHandler                       0x08000397   Thumb Code     0  startup_stm32h723xx.o(.text)
    TIM1_TRG_COM_IRQHandler                  0x08000397   Thumb Code     0  startup_stm32h723xx.o(.text)
    TIM1_UP_IRQHandler                       0x08000397   Thumb Code     0  startup_stm32h723xx.o(.text)
    TIM23_IRQHandler                         0x08000397   Thumb Code     0  startup_stm32h723xx.o(.text)
    TIM24_IRQHandler                         0x08000397   Thumb Code     0  startup_stm32h723xx.o(.text)
    TIM4_IRQHandler                          0x08000397   Thumb Code     0  startup_stm32h723xx.o(.text)
    TIM5_IRQHandler                          0x08000397   Thumb Code     0  startup_stm32h723xx.o(.text)
    TIM6_DAC_IRQHandler                      0x08000397   Thumb Code     0  startup_stm32h723xx.o(.text)
    TIM7_IRQHandler                          0x08000397   Thumb Code     0  startup_stm32h723xx.o(.text)
    TIM8_BRK_TIM12_IRQHandler                0x08000397   Thumb Code     0  startup_stm32h723xx.o(.text)
    TIM8_CC_IRQHandler                       0x08000397   Thumb Code     0  startup_stm32h723xx.o(.text)
    TIM8_TRG_COM_TIM14_IRQHandler            0x08000397   Thumb Code     0  startup_stm32h723xx.o(.text)
    TIM8_UP_TIM13_IRQHandler                 0x08000397   Thumb Code     0  startup_stm32h723xx.o(.text)
    UART4_IRQHandler                         0x08000397   Thumb Code     0  startup_stm32h723xx.o(.text)
    UART5_IRQHandler                         0x08000397   Thumb Code     0  startup_stm32h723xx.o(.text)
    UART7_IRQHandler                         0x08000397   Thumb Code     0  startup_stm32h723xx.o(.text)
    UART8_IRQHandler                         0x08000397   Thumb Code     0  startup_stm32h723xx.o(.text)
    UART9_IRQHandler                         0x08000397   Thumb Code     0  startup_stm32h723xx.o(.text)
    USART10_IRQHandler                       0x08000397   Thumb Code     0  startup_stm32h723xx.o(.text)
    USART1_IRQHandler                        0x08000397   Thumb Code     0  startup_stm32h723xx.o(.text)
    USART2_IRQHandler                        0x08000397   Thumb Code     0  startup_stm32h723xx.o(.text)
    USART3_IRQHandler                        0x08000397   Thumb Code     0  startup_stm32h723xx.o(.text)
    USART6_IRQHandler                        0x08000397   Thumb Code     0  startup_stm32h723xx.o(.text)
    WAKEUP_PIN_IRQHandler                    0x08000397   Thumb Code     0  startup_stm32h723xx.o(.text)
    WWDG_IRQHandler                          0x08000397   Thumb Code     0  startup_stm32h723xx.o(.text)
    __user_initial_stackheap                 0x08000399   Thumb Code     0  startup_stm32h723xx.o(.text)
    __aeabi_memcpy                           0x080003bd   Thumb Code     0  rt_memcpy_v6.o(.text)
    __rt_memcpy                              0x080003bd   Thumb Code   138  rt_memcpy_v6.o(.text)
    _memcpy_lastbytes                        0x08000423   Thumb Code     0  rt_memcpy_v6.o(.text)
    __aeabi_memcpy4                          0x08000447   Thumb Code     0  rt_memcpy_w.o(.text)
    __aeabi_memcpy8                          0x08000447   Thumb Code     0  rt_memcpy_w.o(.text)
    __rt_memcpy_w                            0x08000447   Thumb Code   100  rt_memcpy_w.o(.text)
    _memcpy_lastbytes_aligned                0x0800048f   Thumb Code     0  rt_memcpy_w.o(.text)
    __aeabi_memclr                           0x080004ab   Thumb Code     0  rt_memclr.o(.text)
    __rt_memclr                              0x080004ab   Thumb Code    68  rt_memclr.o(.text)
    _memset                                  0x080004af   Thumb Code     0  rt_memclr.o(.text)
    __aeabi_memclr4                          0x080004ef   Thumb Code     0  rt_memclr_w.o(.text)
    __aeabi_memclr8                          0x080004ef   Thumb Code     0  rt_memclr_w.o(.text)
    __rt_memclr_w                            0x080004ef   Thumb Code    78  rt_memclr_w.o(.text)
    _memset_w                                0x080004f3   Thumb Code     0  rt_memclr_w.o(.text)
    __use_two_region_memory                  0x0800053d   Thumb Code     2  heapauxi.o(.text)
    __rt_heap_escrow                         0x0800053f   Thumb Code     2  heapauxi.o(.text)
    __rt_heap_expand                         0x08000541   Thumb Code     2  heapauxi.o(.text)
    free                                     0x08000543   Thumb Code    78  h1_free.o(.text)
    __rt_heap_descriptor                     0x08000591   Thumb Code     8  rt_heap_descriptor_intlibspace.o(.text)
    __rt_new_handler_addr                    0x08000599   Thumb Code     8  rt_new_handler_addr_intlibspace.o(.text)
    __use_no_heap                            0x080005a1   Thumb Code     2  hguard.o(.text)
    __heap$guard                             0x080005a3   Thumb Code     2  hguard.o(.text)
    _terminate_user_alloc                    0x080005a5   Thumb Code     2  init_alloc.o(.text)
    _init_user_alloc                         0x080005a7   Thumb Code     2  init_alloc.o(.text)
    __Heap_Full                              0x080005a9   Thumb Code    34  init_alloc.o(.text)
    __Heap_Broken                            0x080005cb   Thumb Code     6  init_alloc.o(.text)
    _init_alloc                              0x080005d1   Thumb Code    94  init_alloc.o(.text)
    malloc                                   0x0800062f   Thumb Code    94  h1_alloc.o(.text)
    abort                                    0x0800068d   Thumb Code    22  abort.o(.text)
    __default_new_handler()                  0x080006a3   Thumb Code     4  arm_newhandler_noexceptions.o(.text)
    std::terminate()                         0x080006a7   Thumb Code    26  arm_exceptions_terminate.o(.text)
    __cxa_get_globals                        0x080006c7   Thumb Code    62  arm_exceptions_globs.o(.text)
    _sys_exit                                0x08000711   Thumb Code     8  sys_exit.o(.text)
    __user_libspace                          0x0800071d   Thumb Code     8  libspace.o(.text)
    __user_perproc_libspace                  0x0800071d   Thumb Code     0  libspace.o(.text)
    __user_perthread_libspace                0x0800071d   Thumb Code     0  libspace.o(.text)
    __user_setup_stackheap                   0x08000725   Thumb Code    74  sys_stackheap_outer.o(.text)
    __rt_eh_globals_addr                     0x08000771   Thumb Code     8  rt_eh_globals_addr_intlibspace.o(.text)
    __Heap_Initialize                        0x08000779   Thumb Code    10  h1_init.o(.text)
    __Heap_DescSize                          0x08000783   Thumb Code     4  h1_init.o(.text)
    __Heap_ProvideMemory                     0x08000787   Thumb Code    52  h1_extend.o(.text)
    exit                                     0x080007bb   Thumb Code    18  exit.o(.text)
    __aeabi_atexit                           0x080007cd   Thumb Code    46  aeabi_atexit.o(.text)
    __rt_SIGABRT                             0x080007fb   Thumb Code    14  defsig_abrt_outer.o(.text)
    __rt_SIGRTMEM                            0x08000809   Thumb Code    14  defsig_rtmem_outer.o(.text)
    __ARM_exceptions_buffer_init             0x08000817   Thumb Code    18  arm_exceptions_mem.o(.text)
    __ARM_exceptions_buffer_allocate         0x08000829   Thumb Code    22  arm_exceptions_mem.o(.text)
    __ARM_exceptions_buffer_free             0x0800083f   Thumb Code    20  arm_exceptions_mem.o(.text)
    __I$use$semihosting                      0x08000853   Thumb Code     0  use_no_semi.o(.text)
    __use_no_semihosting_swi                 0x08000853   Thumb Code     2  use_no_semi.o(.text)
    __rt_ddtor_pointer_addr                  0x08000855   Thumb Code     8  rt_ddtor_pointer_addr_intlibspace.o(.text)
    __semihosting_library_function           0x08000855   Thumb Code     0  indicate_semi.o(.text)
    __cxa_finalize                           0x0800085d   Thumb Code    66  cxa_finalize.o(.text)
    __sig_exit                               0x0800089f   Thumb Code    10  defsig_exit.o(.text)
    __rt_SIGABRT_inner                       0x080008a9   Thumb Code    14  defsig_abrt_inner.o(.text)
    __rt_SIGRTMEM_inner                      0x080008d9   Thumb Code    22  defsig_rtmem_inner.o(.text)
    __default_signal_display                 0x08000929   Thumb Code    50  defsig_general.o(.text)
    _ttywrch                                 0x0800095b   Thumb Code    14  sys_wrch.o(.text)
    __cpp_initialize__aeabi_                 0x08000969   Thumb Code    26  init_aeabi.o(.text)
    BusFault_Handler                         0x0800098d   Thumb Code     2  stm32h7xx_it.o(i.BusFault_Handler)
    DebugMon_Handler                         0x0800098f   Thumb Code     2  stm32h7xx_it.o(i.DebugMon_Handler)
    Error_Handler                            0x08000991   Thumb Code     4  main.o(i.Error_Handler)
    FDCAN1_IT0_IRQHandler                    0x08000995   Thumb Code     6  stm32h7xx_it.o(i.FDCAN1_IT0_IRQHandler)
    FDCAN1_IT1_IRQHandler                    0x080009a1   Thumb Code     6  stm32h7xx_it.o(i.FDCAN1_IT1_IRQHandler)
    FDCAN2_IT0_IRQHandler                    0x080009ad   Thumb Code     6  stm32h7xx_it.o(i.FDCAN2_IT0_IRQHandler)
    FDCAN2_IT1_IRQHandler                    0x080009b9   Thumb Code     6  stm32h7xx_it.o(i.FDCAN2_IT1_IRQHandler)
    HAL_Delay                                0x080009c5   Thumb Code    32  stm32h7xx_hal.o(i.HAL_Delay)
    HAL_FDCAN_ActivateNotification           0x080009e9   Thumb Code   126  stm32h7xx_hal_fdcan.o(i.HAL_FDCAN_ActivateNotification)
    HAL_FDCAN_AddMessageToTxFifoQ            0x08000a71   Thumb Code   102  stm32h7xx_hal_fdcan.o(i.HAL_FDCAN_AddMessageToTxFifoQ)
    HAL_FDCAN_ClockCalibrationCallback       0x08000ad7   Thumb Code     2  stm32h7xx_hal_fdcan.o(i.HAL_FDCAN_ClockCalibrationCallback)
    HAL_FDCAN_ConfigFifoWatermark            0x08000ad9   Thumb Code    90  stm32h7xx_hal_fdcan.o(i.HAL_FDCAN_ConfigFifoWatermark)
    HAL_FDCAN_ConfigFilter                   0x08000b33   Thumb Code   126  stm32h7xx_hal_fdcan.o(i.HAL_FDCAN_ConfigFilter)
    HAL_FDCAN_ConfigGlobalFilter             0x08000bb1   Thumb Code    50  stm32h7xx_hal_fdcan.o(i.HAL_FDCAN_ConfigGlobalFilter)
    HAL_FDCAN_ErrorCallback                  0x08000be3   Thumb Code     2  stm32h7xx_hal_fdcan.o(i.HAL_FDCAN_ErrorCallback)
    HAL_FDCAN_ErrorStatusCallback            0x08000be5   Thumb Code     2  stm32h7xx_hal_fdcan.o(i.HAL_FDCAN_ErrorStatusCallback)
    HAL_FDCAN_GetRxMessage                   0x08000be9   Thumb Code   392  stm32h7xx_hal_fdcan.o(i.HAL_FDCAN_GetRxMessage)
    HAL_FDCAN_HighPriorityMessageCallback    0x08000d75   Thumb Code     2  stm32h7xx_hal_fdcan.o(i.HAL_FDCAN_HighPriorityMessageCallback)
    HAL_FDCAN_IRQHandler                     0x08000d79   Thumb Code   788  stm32h7xx_hal_fdcan.o(i.HAL_FDCAN_IRQHandler)
    HAL_FDCAN_Init                           0x08001099   Thumb Code   572  stm32h7xx_hal_fdcan.o(i.HAL_FDCAN_Init)
    HAL_FDCAN_MspInit                        0x080012dd   Thumb Code   300  stm32h7xx_hal_msp.o(i.HAL_FDCAN_MspInit)
    HAL_FDCAN_RxBufferNewMessageCallback     0x08001421   Thumb Code     2  stm32h7xx_hal_fdcan.o(i.HAL_FDCAN_RxBufferNewMessageCallback)
    HAL_FDCAN_RxFifo0Callback                0x08001423   Thumb Code    24  cybergear_can_interface_stm32.o(i.HAL_FDCAN_RxFifo0Callback)
    HAL_FDCAN_RxFifo1Callback                0x0800143b   Thumb Code     2  stm32h7xx_hal_fdcan.o(i.HAL_FDCAN_RxFifo1Callback)
    HAL_FDCAN_Start                          0x0800143d   Thumb Code    50  stm32h7xx_hal_fdcan.o(i.HAL_FDCAN_Start)
    HAL_FDCAN_TT_GlobalTimeCallback          0x0800146f   Thumb Code     2  stm32h7xx_hal_fdcan.o(i.HAL_FDCAN_TT_GlobalTimeCallback)
    HAL_FDCAN_TT_ScheduleSyncCallback        0x08001471   Thumb Code     2  stm32h7xx_hal_fdcan.o(i.HAL_FDCAN_TT_ScheduleSyncCallback)
    HAL_FDCAN_TT_StopWatchCallback           0x08001473   Thumb Code     2  stm32h7xx_hal_fdcan.o(i.HAL_FDCAN_TT_StopWatchCallback)
    HAL_FDCAN_TT_TimeMarkCallback            0x08001475   Thumb Code     2  stm32h7xx_hal_fdcan.o(i.HAL_FDCAN_TT_TimeMarkCallback)
    HAL_FDCAN_TimeoutOccurredCallback        0x08001477   Thumb Code     2  stm32h7xx_hal_fdcan.o(i.HAL_FDCAN_TimeoutOccurredCallback)
    HAL_FDCAN_TimestampWraparoundCallback    0x08001479   Thumb Code     2  stm32h7xx_hal_fdcan.o(i.HAL_FDCAN_TimestampWraparoundCallback)
    HAL_FDCAN_TxBufferAbortCallback          0x0800147b   Thumb Code     2  stm32h7xx_hal_fdcan.o(i.HAL_FDCAN_TxBufferAbortCallback)
    HAL_FDCAN_TxBufferCompleteCallback       0x0800147d   Thumb Code     2  stm32h7xx_hal_fdcan.o(i.HAL_FDCAN_TxBufferCompleteCallback)
    HAL_FDCAN_TxEventFifoCallback            0x0800147f   Thumb Code     2  stm32h7xx_hal_fdcan.o(i.HAL_FDCAN_TxEventFifoCallback)
    HAL_FDCAN_TxFifoEmptyCallback            0x08001481   Thumb Code     2  stm32h7xx_hal_fdcan.o(i.HAL_FDCAN_TxFifoEmptyCallback)
    HAL_GPIO_Init                            0x08001485   Thumb Code   496  stm32h7xx_hal_gpio.o(i.HAL_GPIO_Init)
    HAL_GPIO_ReadPin                         0x080016a1   Thumb Code    10  stm32h7xx_hal_gpio.o(i.HAL_GPIO_ReadPin)
    HAL_GPIO_TogglePin                       0x080016ab   Thumb Code    16  stm32h7xx_hal_gpio.o(i.HAL_GPIO_TogglePin)
    HAL_GetTick                              0x080016bd   Thumb Code     6  stm32h7xx_hal.o(i.HAL_GetTick)
    HAL_IncTick                              0x080016c9   Thumb Code    12  stm32h7xx_hal.o(i.HAL_IncTick)
    HAL_Init                                 0x080016d9   Thumb Code    74  stm32h7xx_hal.o(i.HAL_Init)
    HAL_InitTick                             0x08001735   Thumb Code    56  stm32h7xx_hal.o(i.HAL_InitTick)
    HAL_MPU_ConfigRegion                     0x08001775   Thumb Code    86  stm32h7xx_hal_cortex.o(i.HAL_MPU_ConfigRegion)
    HAL_MPU_Disable                          0x080017d1   Thumb Code    24  stm32h7xx_hal_cortex.o(i.HAL_MPU_Disable)
    HAL_MPU_Enable                           0x080017ed   Thumb Code    30  stm32h7xx_hal_cortex.o(i.HAL_MPU_Enable)
    HAL_MspInit                              0x08001811   Thumb Code    22  stm32h7xx_hal_msp.o(i.HAL_MspInit)
    HAL_NVIC_EnableIRQ                       0x0800182d   Thumb Code    26  stm32h7xx_hal_cortex.o(i.HAL_NVIC_EnableIRQ)
    HAL_NVIC_SetPriority                     0x08001849   Thumb Code    60  stm32h7xx_hal_cortex.o(i.HAL_NVIC_SetPriority)
    HAL_NVIC_SetPriorityGrouping             0x08001889   Thumb Code    28  stm32h7xx_hal_cortex.o(i.HAL_NVIC_SetPriorityGrouping)
    HAL_PWREx_ConfigSupply                   0x080018ad   Thumb Code    78  stm32h7xx_hal_pwr_ex.o(i.HAL_PWREx_ConfigSupply)
    HAL_RCCEx_PeriphCLKConfig                0x08001901   Thumb Code  2362  stm32h7xx_hal_rcc_ex.o(i.HAL_RCCEx_PeriphCLKConfig)
    HAL_RCC_ClockConfig                      0x0800223d   Thumb Code   580  stm32h7xx_hal_rcc.o(i.HAL_RCC_ClockConfig)
    HAL_RCC_GetSysClockFreq                  0x08002499   Thumb Code   278  stm32h7xx_hal_rcc.o(i.HAL_RCC_GetSysClockFreq)
    HAL_RCC_OscConfig                        0x080025d1   Thumb Code  1318  stm32h7xx_hal_rcc.o(i.HAL_RCC_OscConfig)
    HAL_SYSTICK_Config                       0x08002af7   Thumb Code    38  stm32h7xx_hal_cortex.o(i.HAL_SYSTICK_Config)
    HAL_TIMEx_Break2Callback                 0x08002b1d   Thumb Code     2  stm32h7xx_hal_tim_ex.o(i.HAL_TIMEx_Break2Callback)
    HAL_TIMEx_BreakCallback                  0x08002b1f   Thumb Code     2  stm32h7xx_hal_tim_ex.o(i.HAL_TIMEx_BreakCallback)
    HAL_TIMEx_CommutCallback                 0x08002b21   Thumb Code     2  stm32h7xx_hal_tim_ex.o(i.HAL_TIMEx_CommutCallback)
    HAL_TIMEx_MasterConfigSynchronization    0x08002b25   Thumb Code   146  stm32h7xx_hal_tim_ex.o(i.HAL_TIMEx_MasterConfigSynchronization)
    HAL_TIM_Base_Init                        0x08002bdd   Thumb Code    98  stm32h7xx_hal_tim.o(i.HAL_TIM_Base_Init)
    HAL_TIM_Base_MspInit                     0x08002c41   Thumb Code    86  stm32h7xx_hal_msp.o(i.HAL_TIM_Base_MspInit)
    HAL_TIM_ConfigClockSource                0x08002ca1   Thumb Code   248  stm32h7xx_hal_tim.o(i.HAL_TIM_ConfigClockSource)
    HAL_TIM_IC_CaptureCallback               0x08002d9d   Thumb Code     2  stm32h7xx_hal_tim.o(i.HAL_TIM_IC_CaptureCallback)
    HAL_TIM_IRQHandler                       0x08002d9f   Thumb Code   328  stm32h7xx_hal_tim.o(i.HAL_TIM_IRQHandler)
    HAL_TIM_OC_DelayElapsedCallback          0x08002ee7   Thumb Code     2  stm32h7xx_hal_tim.o(i.HAL_TIM_OC_DelayElapsedCallback)
    HAL_TIM_PWM_PulseFinishedCallback        0x08002ee9   Thumb Code     2  stm32h7xx_hal_tim.o(i.HAL_TIM_PWM_PulseFinishedCallback)
    HAL_TIM_PeriodElapsedCallback            0x08002eeb   Thumb Code     2  stm32h7xx_hal_tim.o(i.HAL_TIM_PeriodElapsedCallback)
    HAL_TIM_TriggerCallback                  0x08002eed   Thumb Code     2  stm32h7xx_hal_tim.o(i.HAL_TIM_TriggerCallback)
    HardFault_Handler                        0x08002eef   Thumb Code     2  stm32h7xx_it.o(i.HardFault_Handler)
    MemManage_Handler                        0x08002ef1   Thumb Code     2  stm32h7xx_it.o(i.MemManage_Handler)
    NMI_Handler                              0x08002ef3   Thumb Code     2  stm32h7xx_it.o(i.NMI_Handler)
    PendSV_Handler                           0x08002ef5   Thumb Code     2  stm32h7xx_it.o(i.PendSV_Handler)
    SVC_Handler                              0x08002ef7   Thumb Code     2  stm32h7xx_it.o(i.SVC_Handler)
    SysTick_Handler                          0x08002ef9   Thumb Code     4  stm32h7xx_it.o(i.SysTick_Handler)
    SystemInit                               0x08002efd   Thumb Code   158  system_stm32h7xx.o(i.SystemInit)
    TIM2_IRQHandler                          0x08002fbd   Thumb Code     6  stm32h7xx_it.o(i.TIM2_IRQHandler)
    TIM3_IRQHandler                          0x08002fc9   Thumb Code     6  stm32h7xx_it.o(i.TIM3_IRQHandler)
    TIM_Base_SetConfig                       0x08002fd5   Thumb Code   188  stm32h7xx_hal_tim.o(i.TIM_Base_SetConfig)
    TIM_ETR_SetConfig                        0x080030b9   Thumb Code    18  stm32h7xx_hal_tim.o(i.TIM_ETR_SetConfig)
    UsageFault_Handler                       0x080030cb   Thumb Code     2  stm32h7xx_it.o(i.UsageFault_Handler)
    SystemClock_Config()                     0x080030cd   Thumb Code   142  main.o(i._Z18SystemClock_Configv)
    CybergearDriver::reset_motor()           0x08003161   Thumb Code    28  cybergear_driver.o(i._ZN15CybergearDriver11reset_motorEv)
    CybergearDriver::enable_motor()          0x0800317d   Thumb Code    28  cybergear_driver.o(i._ZN15CybergearDriver12enable_motorEv)
    CybergearDriver::send_command(unsigned char, unsigned char, unsigned short, unsigned char, unsigned char*) 0x08003199   Thumb Code    66  cybergear_driver.o(i._ZN15CybergearDriver12send_commandEhhthPh)
    CybergearDriver::set_run_mode(unsigned char) 0x080031db   Thumb Code    46  cybergear_driver.o(i._ZN15CybergearDriver12set_run_modeEh)
    CybergearDriver::float_to_uint(float, float, float, int) 0x08003209   Thumb Code    74  cybergear_driver.o(i._ZN15CybergearDriver13float_to_uintEfffi)
    CybergearDriver::motor_control(float, float, float, float, float) 0x08003255   Thumb Code   272  cybergear_driver.o(i._ZN15CybergearDriver13motor_controlEfffff)
    CybergearDriver::set_mech_position_to_zero() 0x0800336d   Thumb Code    34  cybergear_driver.o(i._ZN15CybergearDriver25set_mech_position_to_zeroEv)
    CybergearDriver::init(CybergearCanInterface*, unsigned short) 0x0800338f   Thumb Code     6  cybergear_driver.o(i._ZN15CybergearDriver4initEP21CybergearCanInterfacet)
    CybergearDriver::CybergearDriver(unsigned char, unsigned char) 0x08003395   Thumb Code    22  cybergear_driver.o(i._ZN15CybergearDriverC1Ehh)
    CybergearDriver::CybergearDriver__sub_object(unsigned char, unsigned char) 0x08003395   Thumb Code     0  cybergear_driver.o(i._ZN15CybergearDriverC1Ehh)
    CybergearCanInterfaceStm32::send_message(unsigned, const unsigned char*, unsigned char, bool) 0x080033b1   Thumb Code   194  cybergear_can_interface_stm32.o(i._ZN26CybergearCanInterfaceStm3212send_messageEjPKhhb)
    CybergearCanInterfaceStm32::initCan(FDCAN_HandleTypeDef*) 0x08003473   Thumb Code    82  cybergear_can_interface_stm32.o(i._ZN26CybergearCanInterfaceStm327initCanEP19FDCAN_HandleTypeDef)
    CybergearCanInterfaceStm32::CybergearCanInterfaceStm32() 0x080034c5   Thumb Code     6  cybergear_can_interface_stm32.o(i._ZN26CybergearCanInterfaceStm32C1Ev)
    CybergearCanInterfaceStm32::CybergearCanInterfaceStm32__sub_object() 0x080034c5   Thumb Code     0  cybergear_can_interface_stm32.o(i._ZN26CybergearCanInterfaceStm32C1Ev)
    CybergearDriver::get_run_mode() const    0x08003bcd   Thumb Code     4  cybergear_driver.o(i._ZNK15CybergearDriver12get_run_modeEv)
    operator delete[] (void*)                0x08003bd1   Thumb Code     8  array_del.o(i._ZdaPv)
    operator delete (void*)                  0x08003bd9   Thumb Code     8  delete.o(i._ZdlPv)
    operator new[] (unsigned)                0x08003be1   Thumb Code     8  array_new.o(i._Znaj)
    operator new(unsigned)                   0x08003be9   Thumb Code    34  new.o(i._Znwj)
    main                                     0x08003c69   Thumb Code   464  main.o(i.main)
    __rw::__rw_locale_vector<__rw::__rw_cat*>::~__rw_locale_vector() 0x08003e4d   Thumb Code    14  rwcats.o(t._ZN4__rw18__rw_locale_vectorIPNS_8__rw_catEED1Ev)
    __rw::__rw_locale_vector<__rw::__rw_cat*>::~__rw_locale_vector__sub_object() 0x08003e4d   Thumb Code     0  rwcats.o(t._ZN4__rw18__rw_locale_vectorIPNS_8__rw_catEED1Ev)
    _fp_init                                 0x08003e5b   Thumb Code    10  fpinit.o(x$fpl$fpinit)
    __fplib_config_fpu_vfp                   0x08003e63   Thumb Code     0  fpinit.o(x$fpl$fpinit)
    __fplib_config_pureend_doubles           0x08003e63   Thumb Code     0  fpinit.o(x$fpl$fpinit)
    D1CorePrescTable                         0x08003ec0   Data          16  system_stm32h7xx.o(.constdata)
    vtable for CybergearDriver               0x08003ed0   Data          16  cybergear_driver.o(.constdata__ZTV15CybergearDriver)
    vtable for CybergearCanInterfaceStm32    0x08003ee0   Data          32  cybergear_can_interface_stm32.o(.constdata__ZTV26CybergearCanInterfaceStm32)
    Region$$Table$$Base                      0x08003f00   Number         0  anon$$obj.o(Region$$Table)
    Region$$Table$$Limit                     0x08003f40   Number         0  anon$$obj.o(Region$$Table)
    SHT$$INIT_ARRAY$$Base                    0x08003f40   Number         0  char.o(.init_array)
    SHT$$INIT_ARRAY$$Limit                   0x08003f4c   Number         0  init_aeabi.o(.init_array)
    uwTickFreq                               0x20000000   Data           1  stm32h7xx_hal.o(.data)
    uwTickPrio                               0x20000004   Data           4  stm32h7xx_hal.o(.data)
    uwTick                                   0x20000008   Data           4  stm32h7xx_hal.o(.data)
    SystemCoreClock                          0x2000000c   Data           4  system_stm32h7xx.o(.data)
    SystemD2Clock                            0x20000010   Data           4  system_stm32h7xx.o(.data)
    std::ctype<char>::id                     0x20000014   Data           4  char.o(.data)
    std::ctype<wchar_t>::id                  0x20000018   Data           4  char.o(.data)
    std::locale::_C_classic                  0x20000024   Data           4  locale.o(.data)
    std::locale::_C_native                   0x20000028   Data           4  locale.o(.data)
    std::locale::_C_global                   0x2000002c   Data           4  locale.o(.data)
    std::codecvt<char, char, std::__mbstate_t>::id 0x20000030   Data           4  locale.o(.data)
    std::codecvt<wchar_t, char, std::__mbstate_t>::id 0x20000034   Data           4  locale.o(.data)
    d2_runmode                               0x24000000   Data           1  main.o(.data)
    hfdcan1                                  0x24000008   Data         160  main.o(.bss)
    hfdcan2                                  0x240000a8   Data         160  main.o(.bss)
    htim2                                    0x24000148   Data          76  main.o(.bss)
    htim3                                    0x24000194   Data          76  main.o(.bss)
    __libspace_start                         0x240001e0   Data          96  libspace.o(.bss)
    __temporary_stack_top$libspace           0x24000240   Data           0  libspace.o(.bss)



==============================================================================

Memory Map of the image

  Image Entry point : 0x080002cd

  Load Region LR_IROM1 (Base: 0x08000000, Size: 0x00003f94, Max: 0x00100000, ABSOLUTE)

    Execution Region ER_IROM1 (Exec base: 0x08000000, Load base: 0x08000000, Size: 0x00003f4c, Max: 0x00100000, ABSOLUTE)

    Exec Addr    Load Addr    Size         Type   Attr      Idx    E Section Name        Object

    0x08000000   0x08000000   0x000002cc   Data   RO            3    RESET               startup_stm32h723xx.o
    0x080002cc   0x080002cc   0x00000008   Code   RO         5871  * !!!main             c_w.l(__main.o)
    0x080002d4   0x080002d4   0x00000034   Code   RO         7689    !!!scatter          c_w.l(__scatter.o)
    0x08000308   0x08000308   0x0000001a   Code   RO         7691    !!handler_copy      c_w.l(__scatter_copy.o)
    0x08000322   0x08000322   0x00000002   PAD
    0x08000324   0x08000324   0x0000001c   Code   RO         7693    !!handler_zi        c_w.l(__scatter_zi.o)
    0x08000340   0x08000340   0x00000002   Code   RO         7157    .ARM.Collect$$libinit$$00000000  c_w.l(libinit.o)
    0x08000342   0x08000342   0x00000004   Code   RO         7158    .ARM.Collect$$libinit$$00000001  c_w.l(libinit2.o)
    0x08000346   0x08000346   0x00000000   Code   RO         7161    .ARM.Collect$$libinit$$00000004  c_w.l(libinit2.o)
    0x08000346   0x08000346   0x00000008   Code   RO         7162    .ARM.Collect$$libinit$$00000005  c_w.l(libinit2.o)
    0x0800034e   0x0800034e   0x00000000   Code   RO         7164    .ARM.Collect$$libinit$$0000000A  c_w.l(libinit2.o)
    0x0800034e   0x0800034e   0x00000000   Code   RO         7166    .ARM.Collect$$libinit$$0000000C  c_w.l(libinit2.o)
    0x0800034e   0x0800034e   0x00000000   Code   RO         7168    .ARM.Collect$$libinit$$0000000E  c_w.l(libinit2.o)
    0x0800034e   0x0800034e   0x00000000   Code   RO         7171    .ARM.Collect$$libinit$$00000011  c_w.l(libinit2.o)
    0x0800034e   0x0800034e   0x00000000   Code   RO         7173    .ARM.Collect$$libinit$$00000013  c_w.l(libinit2.o)
    0x0800034e   0x0800034e   0x00000000   Code   RO         7175    .ARM.Collect$$libinit$$00000015  c_w.l(libinit2.o)
    0x0800034e   0x0800034e   0x00000000   Code   RO         7177    .ARM.Collect$$libinit$$00000017  c_w.l(libinit2.o)
    0x0800034e   0x0800034e   0x00000000   Code   RO         7179    .ARM.Collect$$libinit$$00000019  c_w.l(libinit2.o)
    0x0800034e   0x0800034e   0x00000000   Code   RO         7181    .ARM.Collect$$libinit$$0000001B  c_w.l(libinit2.o)
    0x0800034e   0x0800034e   0x00000000   Code   RO         7183    .ARM.Collect$$libinit$$0000001D  c_w.l(libinit2.o)
    0x0800034e   0x0800034e   0x00000000   Code   RO         7185    .ARM.Collect$$libinit$$0000001F  c_w.l(libinit2.o)
    0x0800034e   0x0800034e   0x00000000   Code   RO         7187    .ARM.Collect$$libinit$$00000021  c_w.l(libinit2.o)
    0x0800034e   0x0800034e   0x00000000   Code   RO         7189    .ARM.Collect$$libinit$$00000023  c_w.l(libinit2.o)
    0x0800034e   0x0800034e   0x00000000   Code   RO         7191    .ARM.Collect$$libinit$$00000025  c_w.l(libinit2.o)
    0x0800034e   0x0800034e   0x00000000   Code   RO         7195    .ARM.Collect$$libinit$$0000002C  c_w.l(libinit2.o)
    0x0800034e   0x0800034e   0x00000000   Code   RO         7197    .ARM.Collect$$libinit$$0000002E  c_w.l(libinit2.o)
    0x0800034e   0x0800034e   0x00000000   Code   RO         7199    .ARM.Collect$$libinit$$00000030  c_w.l(libinit2.o)
    0x0800034e   0x0800034e   0x00000004   Code   RO         7200    .ARM.Collect$$libinit$$00000031  c_w.l(libinit2.o)
    0x08000352   0x08000352   0x00000000   Code   RO         7201    .ARM.Collect$$libinit$$00000032  c_w.l(libinit2.o)
    0x08000352   0x08000352   0x00000002   Code   RO         7202    .ARM.Collect$$libinit$$00000033  c_w.l(libinit2.o)
    0x08000354   0x08000354   0x00000002   Code   RO         7611    .ARM.Collect$$libshutdown$$00000000  c_w.l(libshutdown.o)
    0x08000356   0x08000356   0x00000006   Code   RO         7458    .ARM.Collect$$libshutdown$$00000001  c_w.l(libshutdown2.o)
    0x0800035c   0x0800035c   0x00000000   Code   RO         7459    .ARM.Collect$$libshutdown$$00000002  c_w.l(libshutdown2.o)
    0x0800035c   0x0800035c   0x00000000   Code   RO         7461    .ARM.Collect$$libshutdown$$00000004  c_w.l(libshutdown2.o)
    0x0800035c   0x0800035c   0x00000000   Code   RO         7464    .ARM.Collect$$libshutdown$$00000007  c_w.l(libshutdown2.o)
    0x0800035c   0x0800035c   0x00000000   Code   RO         7467    .ARM.Collect$$libshutdown$$0000000A  c_w.l(libshutdown2.o)
    0x0800035c   0x0800035c   0x00000000   Code   RO         7469    .ARM.Collect$$libshutdown$$0000000C  c_w.l(libshutdown2.o)
    0x0800035c   0x0800035c   0x00000000   Code   RO         7472    .ARM.Collect$$libshutdown$$0000000F  c_w.l(libshutdown2.o)
    0x0800035c   0x0800035c   0x00000002   Code   RO         7473    .ARM.Collect$$libshutdown$$00000010  c_w.l(libshutdown2.o)
    0x0800035e   0x0800035e   0x00000000   Code   RO         6133    .ARM.Collect$$rtentry$$00000000  c_w.l(__rtentry.o)
    0x0800035e   0x0800035e   0x00000000   Code   RO         6361    .ARM.Collect$$rtentry$$00000002  c_w.l(__rtentry2.o)
    0x0800035e   0x0800035e   0x00000006   Code   RO         6373    .ARM.Collect$$rtentry$$00000004  c_w.l(__rtentry4.o)
    0x08000364   0x08000364   0x00000000   Code   RO         6363    .ARM.Collect$$rtentry$$00000009  c_w.l(__rtentry2.o)
    0x08000364   0x08000364   0x00000004   Code   RO         6364    .ARM.Collect$$rtentry$$0000000A  c_w.l(__rtentry2.o)
    0x08000368   0x08000368   0x00000000   Code   RO         6366    .ARM.Collect$$rtentry$$0000000C  c_w.l(__rtentry2.o)
    0x08000368   0x08000368   0x00000008   Code   RO         6367    .ARM.Collect$$rtentry$$0000000D  c_w.l(__rtentry2.o)
    0x08000370   0x08000370   0x00000002   Code   RO         7349    .ARM.Collect$$rtexit$$00000000  c_w.l(rtexit.o)
    0x08000372   0x08000372   0x00000000   Code   RO         7490    .ARM.Collect$$rtexit$$00000002  c_w.l(rtexit2.o)
    0x08000372   0x08000372   0x00000004   Code   RO         7491    .ARM.Collect$$rtexit$$00000003  c_w.l(rtexit2.o)
    0x08000376   0x08000376   0x00000006   Code   RO         7492    .ARM.Collect$$rtexit$$00000004  c_w.l(rtexit2.o)
    0x0800037c   0x0800037c   0x00000000   Code   RO         6986    .emb_text           c_w.l(maybetermalloc1.o)
    0x0800037c   0x0800037c   0x00000040   Code   RO            4    .text               startup_stm32h723xx.o
    0x080003bc   0x080003bc   0x0000008a   Code   RO         5861    .text               c_w.l(rt_memcpy_v6.o)
    0x08000446   0x08000446   0x00000064   Code   RO         5863    .text               c_w.l(rt_memcpy_w.o)
    0x080004aa   0x080004aa   0x00000044   Code   RO         5865    .text               c_w.l(rt_memclr.o)
    0x080004ee   0x080004ee   0x0000004e   Code   RO         5867    .text               c_w.l(rt_memclr_w.o)
    0x0800053c   0x0800053c   0x00000006   Code   RO         5869    .text               c_w.l(heapauxi.o)
    0x08000542   0x08000542   0x0000004e   Code   RO         6136    .text               c_w.l(h1_free.o)
    0x08000590   0x08000590   0x00000008   Code   RO         6378    .text               c_w.l(rt_heap_descriptor_intlibspace.o)
    0x08000598   0x08000598   0x00000008   Code   RO         6383    .text               c_w.l(rt_new_handler_addr_intlibspace.o)
    0x080005a0   0x080005a0   0x00000004   Code   RO         6385    .text               c_w.l(hguard.o)
    0x080005a4   0x080005a4   0x0000008a   Code   RO         6387    .text               c_w.l(init_alloc.o)
    0x0800062e   0x0800062e   0x0000005e   Code   RO         6393    .text               c_w.l(h1_alloc.o)
    0x0800068c   0x0800068c   0x00000016   Code   RO         6419    .text               c_w.l(abort.o)
    0x080006a2   0x080006a2   0x00000004   Code   RO         6924    .text               cpprt_w.l(arm_newhandler_noexceptions.o)
    0x080006a6   0x080006a6   0x0000001a   Code   RO         6956    .text               cpprt_w.l(arm_exceptions_terminate.o)
    0x080006c0   0x080006c0   0x00000050   Code   RO         6966    .text               cpprt_w.l(arm_exceptions_globs.o)
    0x08000710   0x08000710   0x0000000c   Code   RO         6972    .text               c_w.l(sys_exit.o)
    0x0800071c   0x0800071c   0x00000008   Code   RO         6974    .text               c_w.l(libspace.o)
    0x08000724   0x08000724   0x0000004a   Code   RO         6977    .text               c_w.l(sys_stackheap_outer.o)
    0x0800076e   0x0800076e   0x00000002   PAD
    0x08000770   0x08000770   0x00000008   Code   RO         6984    .text               c_w.l(rt_eh_globals_addr_intlibspace.o)
    0x08000778   0x08000778   0x0000000e   Code   RO         6988    .text               c_w.l(h1_init.o)
    0x08000786   0x08000786   0x00000034   Code   RO         6990    .text               c_w.l(h1_extend.o)
    0x080007ba   0x080007ba   0x00000012   Code   RO         7123    .text               c_w.l(exit.o)
    0x080007cc   0x080007cc   0x0000002e   Code   RO         7128    .text               c_w.l(aeabi_atexit.o)
    0x080007fa   0x080007fa   0x0000000e   Code   RO         7131    .text               c_w.l(defsig_abrt_outer.o)
    0x08000808   0x08000808   0x0000000e   Code   RO         7135    .text               c_w.l(defsig_rtmem_outer.o)
    0x08000816   0x08000816   0x0000003c   Code   RO         7319    .text               cpprt_w.l(arm_exceptions_mem.o)
    0x08000852   0x08000852   0x00000002   Code   RO         7346    .text               c_w.l(use_no_semi.o)
    0x08000854   0x08000854   0x00000000   Code   RO         7348    .text               c_w.l(indicate_semi.o)
    0x08000854   0x08000854   0x00000008   Code   RO         7361    .text               c_w.l(rt_ddtor_pointer_addr_intlibspace.o)
    0x0800085c   0x0800085c   0x00000042   Code   RO         7443    .text               c_w.l(cxa_finalize.o)
    0x0800089e   0x0800089e   0x0000000a   Code   RO         7446    .text               c_w.l(defsig_exit.o)
    0x080008a8   0x080008a8   0x00000030   Code   RO         7448    .text               c_w.l(defsig_abrt_inner.o)
    0x080008d8   0x080008d8   0x00000050   Code   RO         7454    .text               c_w.l(defsig_rtmem_inner.o)
    0x08000928   0x08000928   0x00000032   Code   RO         7544    .text               c_w.l(defsig_general.o)
    0x0800095a   0x0800095a   0x0000000e   Code   RO         7587    .text               c_w.l(sys_wrch.o)
    0x08000968   0x08000968   0x00000024   Code   RO         7685    .text               c_w.l(init_aeabi.o)
    0x0800098c   0x0800098c   0x00000002   Code   RO          231    i.BusFault_Handler  stm32h7xx_it.o
    0x0800098e   0x0800098e   0x00000002   Code   RO          232    i.DebugMon_Handler  stm32h7xx_it.o
    0x08000990   0x08000990   0x00000004   Code   RO           13    i.Error_Handler     main.o
    0x08000994   0x08000994   0x0000000c   Code   RO          233    i.FDCAN1_IT0_IRQHandler  stm32h7xx_it.o
    0x080009a0   0x080009a0   0x0000000c   Code   RO          234    i.FDCAN1_IT1_IRQHandler  stm32h7xx_it.o
    0x080009ac   0x080009ac   0x0000000c   Code   RO          235    i.FDCAN2_IT0_IRQHandler  stm32h7xx_it.o
    0x080009b8   0x080009b8   0x0000000c   Code   RO          236    i.FDCAN2_IT1_IRQHandler  stm32h7xx_it.o
    0x080009c4   0x080009c4   0x00000024   Code   RO         2888    i.HAL_Delay         stm32h7xx_hal.o
    0x080009e8   0x080009e8   0x00000088   Code   RO          658    i.HAL_FDCAN_ActivateNotification  stm32h7xx_hal_fdcan.o
    0x08000a70   0x08000a70   0x00000066   Code   RO          660    i.HAL_FDCAN_AddMessageToTxFifoQ  stm32h7xx_hal_fdcan.o
    0x08000ad6   0x08000ad6   0x00000002   Code   RO          661    i.HAL_FDCAN_ClockCalibrationCallback  stm32h7xx_hal_fdcan.o
    0x08000ad8   0x08000ad8   0x0000005a   Code   RO          664    i.HAL_FDCAN_ConfigFifoWatermark  stm32h7xx_hal_fdcan.o
    0x08000b32   0x08000b32   0x0000007e   Code   RO          665    i.HAL_FDCAN_ConfigFilter  stm32h7xx_hal_fdcan.o
    0x08000bb0   0x08000bb0   0x00000032   Code   RO          666    i.HAL_FDCAN_ConfigGlobalFilter  stm32h7xx_hal_fdcan.o
    0x08000be2   0x08000be2   0x00000002   Code   RO          687    i.HAL_FDCAN_ErrorCallback  stm32h7xx_hal_fdcan.o
    0x08000be4   0x08000be4   0x00000002   Code   RO          688    i.HAL_FDCAN_ErrorStatusCallback  stm32h7xx_hal_fdcan.o
    0x08000be6   0x08000be6   0x00000002   PAD
    0x08000be8   0x08000be8   0x0000018c   Code   RO          699    i.HAL_FDCAN_GetRxMessage  stm32h7xx_hal_fdcan.o
    0x08000d74   0x08000d74   0x00000002   Code   RO          705    i.HAL_FDCAN_HighPriorityMessageCallback  stm32h7xx_hal_fdcan.o
    0x08000d76   0x08000d76   0x00000002   PAD
    0x08000d78   0x08000d78   0x00000320   Code   RO          706    i.HAL_FDCAN_IRQHandler  stm32h7xx_hal_fdcan.o
    0x08001098   0x08001098   0x00000244   Code   RO          707    i.HAL_FDCAN_Init    stm32h7xx_hal_fdcan.o
    0x080012dc   0x080012dc   0x00000144   Code   RO          359    i.HAL_FDCAN_MspInit  stm32h7xx_hal_msp.o
    0x08001420   0x08001420   0x00000002   Code   RO          716    i.HAL_FDCAN_RxBufferNewMessageCallback  stm32h7xx_hal_fdcan.o
    0x08001422   0x08001422   0x00000018   Code   RO         5202    i.HAL_FDCAN_RxFifo0Callback  cybergear_can_interface_stm32.o
    0x0800143a   0x0800143a   0x00000002   Code   RO          718    i.HAL_FDCAN_RxFifo1Callback  stm32h7xx_hal_fdcan.o
    0x0800143c   0x0800143c   0x00000032   Code   RO          719    i.HAL_FDCAN_Start   stm32h7xx_hal_fdcan.o
    0x0800146e   0x0800146e   0x00000002   Code   RO          741    i.HAL_FDCAN_TT_GlobalTimeCallback  stm32h7xx_hal_fdcan.o
    0x08001470   0x08001470   0x00000002   Code   RO          742    i.HAL_FDCAN_TT_ScheduleSyncCallback  stm32h7xx_hal_fdcan.o
    0x08001472   0x08001472   0x00000002   Code   RO          747    i.HAL_FDCAN_TT_StopWatchCallback  stm32h7xx_hal_fdcan.o
    0x08001474   0x08001474   0x00000002   Code   RO          748    i.HAL_FDCAN_TT_TimeMarkCallback  stm32h7xx_hal_fdcan.o
    0x08001476   0x08001476   0x00000002   Code   RO          749    i.HAL_FDCAN_TimeoutOccurredCallback  stm32h7xx_hal_fdcan.o
    0x08001478   0x08001478   0x00000002   Code   RO          750    i.HAL_FDCAN_TimestampWraparoundCallback  stm32h7xx_hal_fdcan.o
    0x0800147a   0x0800147a   0x00000002   Code   RO          751    i.HAL_FDCAN_TxBufferAbortCallback  stm32h7xx_hal_fdcan.o
    0x0800147c   0x0800147c   0x00000002   Code   RO          752    i.HAL_FDCAN_TxBufferCompleteCallback  stm32h7xx_hal_fdcan.o
    0x0800147e   0x0800147e   0x00000002   Code   RO          753    i.HAL_FDCAN_TxEventFifoCallback  stm32h7xx_hal_fdcan.o
    0x08001480   0x08001480   0x00000002   Code   RO          754    i.HAL_FDCAN_TxFifoEmptyCallback  stm32h7xx_hal_fdcan.o
    0x08001482   0x08001482   0x00000002   PAD
    0x08001484   0x08001484   0x0000021c   Code   RO         1918    i.HAL_GPIO_Init     stm32h7xx_hal_gpio.o
    0x080016a0   0x080016a0   0x0000000a   Code   RO         1920    i.HAL_GPIO_ReadPin  stm32h7xx_hal_gpio.o
    0x080016aa   0x080016aa   0x00000010   Code   RO         1921    i.HAL_GPIO_TogglePin  stm32h7xx_hal_gpio.o
    0x080016ba   0x080016ba   0x00000002   PAD
    0x080016bc   0x080016bc   0x0000000c   Code   RO         2904    i.HAL_GetTick       stm32h7xx_hal.o
    0x080016c8   0x080016c8   0x00000010   Code   RO         2910    i.HAL_IncTick       stm32h7xx_hal.o
    0x080016d8   0x080016d8   0x0000005c   Code   RO         2911    i.HAL_Init          stm32h7xx_hal.o
    0x08001734   0x08001734   0x00000040   Code   RO         2912    i.HAL_InitTick      stm32h7xx_hal.o
    0x08001774   0x08001774   0x0000005c   Code   RO          414    i.HAL_MPU_ConfigRegion  stm32h7xx_hal_cortex.o
    0x080017d0   0x080017d0   0x0000001c   Code   RO          415    i.HAL_MPU_Disable   stm32h7xx_hal_cortex.o
    0x080017ec   0x080017ec   0x00000024   Code   RO          417    i.HAL_MPU_Enable    stm32h7xx_hal_cortex.o
    0x08001810   0x08001810   0x0000001c   Code   RO          360    i.HAL_MspInit       stm32h7xx_hal_msp.o
    0x0800182c   0x0800182c   0x0000001a   Code   RO          421    i.HAL_NVIC_EnableIRQ  stm32h7xx_hal_cortex.o
    0x08001846   0x08001846   0x00000002   PAD
    0x08001848   0x08001848   0x00000040   Code   RO          427    i.HAL_NVIC_SetPriority  stm32h7xx_hal_cortex.o
    0x08001888   0x08001888   0x00000024   Code   RO          428    i.HAL_NVIC_SetPriorityGrouping  stm32h7xx_hal_cortex.o
    0x080018ac   0x080018ac   0x00000054   Code   RO         2602    i.HAL_PWREx_ConfigSupply  stm32h7xx_hal_pwr_ex.o
    0x08001900   0x08001900   0x0000093a   Code   RO         1518    i.HAL_RCCEx_PeriphCLKConfig  stm32h7xx_hal_rcc_ex.o
    0x0800223a   0x0800223a   0x00000002   PAD
    0x0800223c   0x0800223c   0x0000025c   Code   RO         1380    i.HAL_RCC_ClockConfig  stm32h7xx_hal_rcc.o
    0x08002498   0x08002498   0x00000138   Code   RO         1389    i.HAL_RCC_GetSysClockFreq  stm32h7xx_hal_rcc.o
    0x080025d0   0x080025d0   0x00000526   Code   RO         1392    i.HAL_RCC_OscConfig  stm32h7xx_hal_rcc.o
    0x08002af6   0x08002af6   0x00000026   Code   RO          432    i.HAL_SYSTICK_Config  stm32h7xx_hal_cortex.o
    0x08002b1c   0x08002b1c   0x00000002   Code   RO         4812    i.HAL_TIMEx_Break2Callback  stm32h7xx_hal_tim_ex.o
    0x08002b1e   0x08002b1e   0x00000002   Code   RO         4813    i.HAL_TIMEx_BreakCallback  stm32h7xx_hal_tim_ex.o
    0x08002b20   0x08002b20   0x00000002   Code   RO         4814    i.HAL_TIMEx_CommutCallback  stm32h7xx_hal_tim_ex.o
    0x08002b22   0x08002b22   0x00000002   PAD
    0x08002b24   0x08002b24   0x000000b8   Code   RO         4835    i.HAL_TIMEx_MasterConfigSynchronization  stm32h7xx_hal_tim_ex.o
    0x08002bdc   0x08002bdc   0x00000062   Code   RO         3979    i.HAL_TIM_Base_Init  stm32h7xx_hal_tim.o
    0x08002c3e   0x08002c3e   0x00000002   PAD
    0x08002c40   0x08002c40   0x00000060   Code   RO          362    i.HAL_TIM_Base_MspInit  stm32h7xx_hal_msp.o
    0x08002ca0   0x08002ca0   0x000000fc   Code   RO         3988    i.HAL_TIM_ConfigClockSource  stm32h7xx_hal_tim.o
    0x08002d9c   0x08002d9c   0x00000002   Code   RO         4013    i.HAL_TIM_IC_CaptureCallback  stm32h7xx_hal_tim.o
    0x08002d9e   0x08002d9e   0x00000148   Code   RO         4027    i.HAL_TIM_IRQHandler  stm32h7xx_hal_tim.o
    0x08002ee6   0x08002ee6   0x00000002   Code   RO         4030    i.HAL_TIM_OC_DelayElapsedCallback  stm32h7xx_hal_tim.o
    0x08002ee8   0x08002ee8   0x00000002   Code   RO         4057    i.HAL_TIM_PWM_PulseFinishedCallback  stm32h7xx_hal_tim.o
    0x08002eea   0x08002eea   0x00000002   Code   RO         4065    i.HAL_TIM_PeriodElapsedCallback  stm32h7xx_hal_tim.o
    0x08002eec   0x08002eec   0x00000002   Code   RO         4070    i.HAL_TIM_TriggerCallback  stm32h7xx_hal_tim.o
    0x08002eee   0x08002eee   0x00000002   Code   RO          237    i.HardFault_Handler  stm32h7xx_it.o
    0x08002ef0   0x08002ef0   0x00000002   Code   RO          238    i.MemManage_Handler  stm32h7xx_it.o
    0x08002ef2   0x08002ef2   0x00000002   Code   RO          239    i.NMI_Handler       stm32h7xx_it.o
    0x08002ef4   0x08002ef4   0x00000002   Code   RO          240    i.PendSV_Handler    stm32h7xx_it.o
    0x08002ef6   0x08002ef6   0x00000002   Code   RO          241    i.SVC_Handler       stm32h7xx_it.o
    0x08002ef8   0x08002ef8   0x00000004   Code   RO          242    i.SysTick_Handler   stm32h7xx_it.o
    0x08002efc   0x08002efc   0x000000c0   Code   RO         5164    i.SystemInit        system_stm32h7xx.o
    0x08002fbc   0x08002fbc   0x0000000c   Code   RO          243    i.TIM2_IRQHandler   stm32h7xx_it.o
    0x08002fc8   0x08002fc8   0x0000000c   Code   RO          244    i.TIM3_IRQHandler   stm32h7xx_it.o
    0x08002fd4   0x08002fd4   0x000000e4   Code   RO         4072    i.TIM_Base_SetConfig  stm32h7xx_hal_tim.o
    0x080030b8   0x080030b8   0x00000012   Code   RO         4078    i.TIM_ETR_SetConfig  stm32h7xx_hal_tim.o
    0x080030ca   0x080030ca   0x00000002   Code   RO          245    i.UsageFault_Handler  stm32h7xx_it.o
    0x080030cc   0x080030cc   0x00000094   Code   RO           15    i._Z18SystemClock_Configv  main.o
    0x08003160   0x08003160   0x0000001c   Code   RO         5364    i._ZN15CybergearDriver11reset_motorEv  cybergear_driver.o
    0x0800317c   0x0800317c   0x0000001c   Code   RO         5365    i._ZN15CybergearDriver12enable_motorEv  cybergear_driver.o
    0x08003198   0x08003198   0x00000042   Code   RO         5367    i._ZN15CybergearDriver12send_commandEhhthPh  cybergear_driver.o
    0x080031da   0x080031da   0x0000002e   Code   RO         5368    i._ZN15CybergearDriver12set_run_modeEh  cybergear_driver.o
    0x08003208   0x08003208   0x0000004a   Code   RO         5369    i._ZN15CybergearDriver13float_to_uintEfffi  cybergear_driver.o
    0x08003252   0x08003252   0x00000002   PAD
    0x08003254   0x08003254   0x00000118   Code   RO         5370    i._ZN15CybergearDriver13motor_controlEfffff  cybergear_driver.o
    0x0800336c   0x0800336c   0x00000022   Code   RO         5394    i._ZN15CybergearDriver25set_mech_position_to_zeroEv  cybergear_driver.o
    0x0800338e   0x0800338e   0x00000006   Code   RO         5396    i._ZN15CybergearDriver4initEP21CybergearCanInterfacet  cybergear_driver.o
    0x08003394   0x08003394   0x0000001c   Code   RO         5398    i._ZN15CybergearDriverC1Ehh  cybergear_driver.o
    0x080033b0   0x080033b0   0x000000c2   Code   RO         5204    i._ZN26CybergearCanInterfaceStm3212send_messageEjPKhhb  cybergear_can_interface_stm32.o
    0x08003472   0x08003472   0x00000052   Code   RO         5206    i._ZN26CybergearCanInterfaceStm327initCanEP19FDCAN_HandleTypeDef  cybergear_can_interface_stm32.o
    0x080034c4   0x080034c4   0x0000000c   Code   RO         5208    i._ZN26CybergearCanInterfaceStm32C1Ev  cybergear_can_interface_stm32.o
    0x080034d0   0x080034d0   0x00000070   Code   RO           16    i._ZN27_INTERNAL_6_main_c_fbe07eec12MX_GPIO_InitEv  main.o
    0x08003540   0x08003540   0x00000068   Code   RO           17    i._ZN27_INTERNAL_6_main_c_fbe07eec12MX_TIM2_InitEv  main.o
    0x080035a8   0x080035a8   0x00000068   Code   RO           18    i._ZN27_INTERNAL_6_main_c_fbe07eec12MX_TIM3_InitEv  main.o
    0x08003610   0x08003610   0x00000064   Code   RO           19    i._ZN27_INTERNAL_6_main_c_fbe07eec14MX_FDCAN1_InitEv  main.o
    0x08003674   0x08003674   0x00000064   Code   RO           20    i._ZN27_INTERNAL_6_main_c_fbe07eec14MX_FDCAN2_InitEv  main.o
    0x080036d8   0x080036d8   0x00000014   Code   RO         4088    i._ZN41_INTERNAL_19_stm32h7xx_hal_tim_c_a9d95b5218TIM_ITRx_SetConfigEP11TIM_TypeDefj  stm32h7xx_hal_tim.o
    0x080036ec   0x080036ec   0x00000022   Code   RO         4093    i._ZN41_INTERNAL_19_stm32h7xx_hal_tim_c_a9d95b5224TIM_TI1_ConfigInputStageEP11TIM_TypeDefjj  stm32h7xx_hal_tim.o
    0x0800370e   0x0800370e   0x00000024   Code   RO         4094    i._ZN41_INTERNAL_19_stm32h7xx_hal_tim_c_a9d95b5224TIM_TI2_ConfigInputStageEP11TIM_TypeDefjj  stm32h7xx_hal_tim.o
    0x08003732   0x08003732   0x00000002   PAD
    0x08003734   0x08003734   0x0000006c   Code   RO          755    i._ZN43_INTERNAL_21_stm32h7xx_hal_fdcan_c_80c832c222FDCAN_CopyMessageToRAMEPK19FDCAN_HandleTypeDefPK21FDCAN_TxHeaderTypeDefPKhj  stm32h7xx_hal_fdcan.o
    0x080037a0   0x080037a0   0x000001c8   Code   RO          756    i._ZN43_INTERNAL_21_stm32h7xx_hal_fdcan_c_80c832c233FDCAN_CalcultateRamBlockAddressesEP19FDCAN_HandleTypeDef  stm32h7xx_hal_fdcan.o
    0x08003968   0x08003968   0x00000022   Code   RO          434    i._ZN44_INTERNAL_22_stm32h7xx_hal_cortex_c_2992dbc018__NVIC_SetPriorityE9IRQn_Typej  stm32h7xx_hal_cortex.o
    0x0800398a   0x0800398a   0x00000002   PAD
    0x0800398c   0x0800398c   0x00000120   Code   RO         1521    i._ZN44_INTERNAL_22_stm32h7xx_hal_rcc_ex_c_bed13b4417RCCEx_PLL2_ConfigEP19RCC_PLL2InitTypeDefj  stm32h7xx_hal_rcc_ex.o
    0x08003aac   0x08003aac   0x00000120   Code   RO         1522    i._ZN44_INTERNAL_22_stm32h7xx_hal_rcc_ex_c_bed13b4417RCCEx_PLL3_ConfigEP19RCC_PLL3InitTypeDefj  stm32h7xx_hal_rcc_ex.o
    0x08003bcc   0x08003bcc   0x00000004   Code   RO         5403    i._ZNK15CybergearDriver12get_run_modeEv  cybergear_driver.o
    0x08003bd0   0x08003bd0   0x00000008   Code   RO         6917    i._ZdaPv            cpprt_w.l(array_del.o)
    0x08003bd8   0x08003bd8   0x00000008   Code   RO         6027    i._ZdlPv            cpprt_w.l(delete.o)
    0x08003be0   0x08003be0   0x00000008   Code   RO         6920    i._Znaj             cpprt_w.l(array_new.o)
    0x08003be8   0x08003be8   0x00000028   Code   RO         6318    i._Znwj             cpprt_w.l(new.o)
    0x08003c10   0x08003c10   0x00000010   Code   RO         6710    i.__sti___10_locale_cpp_ff99fc7b  cpp_ws.l(locale.o)
    0x08003c20   0x08003c20   0x00000038   Code   RO         7208    i.__sti___10_rwcats_cpp_64e8068e  cpp_ws.l(rwcats.o)
    0x08003c58   0x08003c58   0x00000010   Code   RO         6443    i.__sti___8_char_cpp_a3dc957a  cpp_ws.l(char.o)
    0x08003c68   0x08003c68   0x000001e4   Code   RO           21    i.main              main.o
    0x08003e4c   0x08003e4c   0x0000000e   Code   RO         7224    t._ZN4__rw18__rw_locale_vectorIPNS_8__rw_catEED1Ev  cpp_ws.l(rwcats.o)
    0x08003e5a   0x08003e5a   0x0000000a   Code   RO         7487    x$fpl$fpinit        fz_wv.l(fpinit.o)
    0x08003e64   0x08003e64   0x0000005c   Data   RO          857    .constdata          stm32h7xx_hal_fdcan.o
    0x08003ec0   0x08003ec0   0x00000010   Data   RO         5167    .constdata          system_stm32h7xx.o
    0x08003ed0   0x08003ed0   0x00000010   Data   RO         5621    .constdata__ZTV15CybergearDriver  cybergear_driver.o
    0x08003ee0   0x08003ee0   0x00000020   Data   RO         5267    .constdata__ZTV26CybergearCanInterfaceStm32  cybergear_can_interface_stm32.o
    0x08003f00   0x08003f00   0x00000040   Data   RO         7688    Region$$Table       anon$$obj.o
    0x08003f40   0x08003f40   0x00000004   Data   RO         6465    .init_array         cpp_ws.l(char.o)
    0x08003f44   0x08003f40   0x00000004   Data   RO         6758    .init_array         cpp_ws.l(locale.o)
    0x08003f48   0x08003f40   0x00000004   Data   RO         7218    .init_array         cpp_ws.l(rwcats.o)
    0x08003f4c   0x08003f40   0x00000000   Data   RO         7683    .init_array         c_w.l(init_aeabi.o)


    Execution Region RW_IRAM1 (Exec base: 0x20000000, Load base: 0x08003f4c, Size: 0x00000440, Max: 0x00020000, ABSOLUTE)

    Exec Addr    Load Addr    Size         Type   Attr      Idx    E Section Name        Object

    0x20000000   0x08003f4c   0x0000000c   Data   RW         2989    .data               stm32h7xx_hal.o
    0x2000000c   0x08003f58   0x00000008   Data   RW         5168    .data               system_stm32h7xx.o
    0x20000014   0x08003f60   0x00000008   Data   RW         6464    .data               cpp_ws.l(char.o)
    0x2000001c   0x08003f68   0x0000001c   Data   RW         6757    .data               cpp_ws.l(locale.o)
    0x20000038   0x08003f84   0x00000008   Data   RW         7217    .data               cpp_ws.l(rwcats.o)
    0x20000040        -       0x00000400   Zero   RW            1    STACK               startup_stm32h723xx.o


    Execution Region RW_IRAM2 (Exec base: 0x24000000, Load base: 0x08003f8c, Size: 0x00000440, Max: 0x00020000, ABSOLUTE)

    Exec Addr    Load Addr    Size         Type   Attr      Idx    E Section Name        Object

    0x24000000   0x08003f8c   0x00000001   Data   RW           41    .data               main.o
    0x24000001   0x08003f8d   0x00000003   PAD
    0x24000004   0x08003f90   0x00000004   Data   RW          368    .data               stm32h7xx_hal_msp.o
    0x24000008        -       0x000001d8   Zero   RW           31    .bss                main.o
    0x240001e0        -       0x00000060   Zero   RW         6975    .bss                c_w.l(libspace.o)
    0x24000240        -       0x00000200   Zero   RW            2    HEAP                startup_stm32h723xx.o


==============================================================================

Image component sizes


      Code (inc. data)   RO Data    RW Data    ZI Data      Debug   Object Name

       312         14         32          0          0     929780   cybergear_can_interface_stm32.o
       594         14         16          0          0      10932   cybergear_driver.o
      1156         70          0          1        472    1204636   main.o
        64         26        716          0       1536        876   startup_stm32h723xx.o
       220         40          0         12          0      24013   stm32h7xx_hal.o
       354         28          0          0          0    1225253   stm32h7xx_hal_cortex.o
      2926         48         92          0          0      24356   stm32h7xx_hal_fdcan.o
       566         44          0          0          0       3144   stm32h7xx_hal_gpio.o
       448         40          0          4          0       3737   stm32h7xx_hal_msp.o
        84          6          0          0          0        825   stm32h7xx_hal_pwr_ex.o
      2234         66          0          0          0       5500   stm32h7xx_hal_rcc.o
      2938         46          0          0          0       5423   stm32h7xx_hal_rcc_ex.o
      1024         56          0          0          0      10893   stm32h7xx_hal_tim.o
       190         38          0          0          0       3496   stm32h7xx_hal_tim_ex.o
        92         36          0          0          0       7506   stm32h7xx_it.o
       192         34         16          8          0       1646   system_stm32h7xx.o

    ----------------------------------------------------------------------
     13416        606        936         28       2008    3462016   Object Totals
         0          0         64          0          0          0   (incl. Generated)
        22          0          0          3          0          0   (incl. Padding)

    ----------------------------------------------------------------------

      Code (inc. data)   RO Data    RW Data    ZI Data      Debug   Library Member Name

         8          0          0          0          0         68   __main.o
         0          0          0          0          0          0   __rtentry.o
        12          0          0          0          0          0   __rtentry2.o
         6          0          0          0          0          0   __rtentry4.o
        52          8          0          0          0          0   __scatter.o
        26          0          0          0          0          0   __scatter_copy.o
        28          0          0          0          0          0   __scatter_zi.o
        22          0          0          0          0         80   abort.o
        46          0          0          0          0         84   aeabi_atexit.o
        66          0          0          0          0         84   cxa_finalize.o
        48         34          0          0          0         76   defsig_abrt_inner.o
        14          0          0          0          0         80   defsig_abrt_outer.o
        10          0          0          0          0         68   defsig_exit.o
        50          0          0          0          0         88   defsig_general.o
        80         58          0          0          0         76   defsig_rtmem_inner.o
        14          0          0          0          0         80   defsig_rtmem_outer.o
        18          0          0          0          0         80   exit.o
        94          0          0          0          0         80   h1_alloc.o
        52          0          0          0          0         68   h1_extend.o
        78          0          0          0          0         80   h1_free.o
        14          0          0          0          0         84   h1_init.o
         6          0          0          0          0        152   heapauxi.o
         4          0          0          0          0        136   hguard.o
         0          0          0          0          0          0   indicate_semi.o
        36         10          0          0          0         80   init_aeabi.o
       138          0          0          0          0        168   init_alloc.o
         2          0          0          0          0          0   libinit.o
        18          0          0          0          0          0   libinit2.o
         2          0          0          0          0          0   libshutdown.o
         8          0          0          0          0          0   libshutdown2.o
         8          4          0          0         96         68   libspace.o
         0          0          0          0          0          0   maybetermalloc1.o
         8          4          0          0          0         68   rt_ddtor_pointer_addr_intlibspace.o
         8          4          0          0          0         68   rt_eh_globals_addr_intlibspace.o
         8          4          0          0          0         68   rt_heap_descriptor_intlibspace.o
        68          0          0          0          0         68   rt_memclr.o
        78          0          0          0          0         80   rt_memclr_w.o
       138          0          0          0          0         68   rt_memcpy_v6.o
       100          0          0          0          0         80   rt_memcpy_w.o
         8          4          0          0          0         68   rt_new_handler_addr_intlibspace.o
         2          0          0          0          0          0   rtexit.o
        10          0          0          0          0          0   rtexit2.o
        12          4          0          0          0         68   sys_exit.o
        74          0          0          0          0         80   sys_stackheap_outer.o
        14          0          0          0          0         76   sys_wrch.o
         2          0          0          0          0         68   use_no_semi.o
        16          4          4          8          0         68   char.o
        16          4          4         28          0         68   locale.o
        70         14          4          8          0        164   rwcats.o
        80         12          0          0          0        104   arm_exceptions_globs.o
        60          0          0          0          0        108   arm_exceptions_mem.o
        26          0          0          0          0         76   arm_exceptions_terminate.o
         4          0          0          0          0         68   arm_newhandler_noexceptions.o
         8          0          0          0          0         76   array_del.o
         8          0          0          0          0         76   array_new.o
         8          0          0          0          0         76   delete.o
        40          6          0          0          0         76   new.o
        10          0          0          0          0        116   fpinit.o

    ----------------------------------------------------------------------
      1840        174         12         44         96       3716   Library Totals
         4          0          0          0          0          0   (incl. Padding)

    ----------------------------------------------------------------------

      Code (inc. data)   RO Data    RW Data    ZI Data      Debug   Library Name

      1490        134          0          0         96       2640   c_w.l
       102         22         12         44          0        300   cpp_ws.l
       234         18          0          0          0        660   cpprt_w.l
        10          0          0          0          0        116   fz_wv.l

    ----------------------------------------------------------------------
      1840        174         12         44         96       3716   Library Totals

    ----------------------------------------------------------------------

==============================================================================


      Code (inc. data)   RO Data    RW Data    ZI Data      Debug   

     15256        780        948         72       2104    3453800   Grand Totals
     15256        780        948         72       2104    3453800   ELF Image Totals
     15256        780        948         72          0          0   ROM Totals

==============================================================================

    Total RO  Size (Code + RO Data)                16204 (  15.82kB)
    Total RW  Size (RW Data + ZI Data)              2176 (   2.13kB)
    Total ROM Size (Code + RO Data + RW Data)      16276 (  15.89kB)

==============================================================================

