<html>
<body>
<pre>
<h1>µVision Build Log</h1>
<h2>Tool Versions:</h2>
IDE-Version: ¶ÃVision V5.27.1.0
Copyright (C) 2019 ARM Ltd and ARM Germany GmbH. All rights reserved.
License Information: Ysbg W, DRw, LIC=ZB4EI-TZTLB-QD6KD-8FC3A-70GQC-3INJB
 
Tool Versions:
Toolchain:       MDK-ARM Plus  Version: 5.25.0.0
Toolchain Path:  C:\Keil_v5\ARM\ARMCC\Bin
C Compiler:      Armcc.exe V5.06 update 6 (build 750)
Assembler:       Armasm.exe V5.06 update 6 (build 750)
Linker/Locator:  ArmLink.exe V5.06 update 6 (build 750)
Library Manager: ArmAr.exe V5.06 update 6 (build 750)
Hex Converter:   FromElf.exe V5.06 update 6 (build 750)
CPU DLL:         SARMCM3.DLL V5.25.0.0
Dialog DLL:      DCM.DLL V1.17.0.0
Target DLL:      CMSIS_AGDI.dll V1.28.8.0
Dialog DLL:      TCM.DLL V1.34.0.0
 
<h2>Project:</h2>
D:\OneDrive\zzu\GIT\Cybergear-STM32H723VGTx\JYBP_gy2 _cpp_laser_ema\MDK-ARM\JYBP_gy2.uvprojx
Project File Date:  04/25/2025

<h2>Output:</h2>
*** Using Compiler 'V5.06 update 6 (build 750)', folder: 'C:\Keil_v5\ARM\ARMCC\Bin'
Build target 'JYBP_gy2'
compiling main.c...
../MDK-ARM/ad_can.h(21): warning:  #1-D: last line of file ends without a newline
  #endif // AD_CAN_H
../Core/Src/main.c(149): warning:  #1035-D: single-precision operand implicitly converted to double-precision
      if (fabsf(laserrawdata - TARGET_DISTANCE) > NOISE_THRESHOLD)
../Core/Src/main.c(149): warning:  #1035-D: single-precision operand implicitly converted to double-precision
      if (fabsf(laserrawdata - TARGET_DISTANCE) > NOISE_THRESHOLD)
../Core/Src/main.c(151): warning:  #1035-D: single-precision operand implicitly converted to double-precision
          laserrawdata = (window_idx > 0) ? window_data[(window_idx-1) % WINDOW_VAR] : TARGET_DISTANCE;
../Core/Src/main.c(163): warning:  #1035-D: single-precision operand implicitly converted to double-precision
      laser_ema = ALPHA * laserrawdata + (1.0f - ALPHA) * laser_ema;
../Core/Src/main.c(163): warning:  #1035-D: single-precision operand implicitly converted to double-precision
      laser_ema = ALPHA * laserrawdata + (1.0f - ALPHA) * laser_ema;
../Core/Src/main.c(170): warning:  #1035-D: single-precision operand implicitly converted to double-precision
          is_stopped = (variance < STOP_THRESHOLD);
../Core/Src/main.c(181): warning:  #1035-D: single-precision operand implicitly converted to double-precision
          if (trend > TREND_THRESHOLD) // Ë∑ùÈõ¢ËÆäÂ§ßÔºå‰∏ãÂ£?
../Core/Src/main.c(282): warning:  #177-D: variable "id_return_AD"  was declared but never referenced
      unsigned long id_return_AD;
../Core/Src/main.c(283): warning:  #177-D: variable "AD_lens"  was declared but never referenced
      uint8_t AD_lens;
../Core/Src/main.c: 10 warnings, 0 errors
linking...
Program Size: Code=19028 RO-data=976 RW-data=120 ZI-data=7564  
FromELF: creating hex file...
"JYBP_gy2\JYBP_gy2.axf" - 0 Error(s), 10 Warning(s).

<h2>Software Packages used:</h2>

Package Vendor: ARM
                http://www.keil.com/pack/ARM.CMSIS.5.2.0.pack
                ARM.CMSIS.5.2.0
                CMSIS (Cortex Microcontroller Software Interface Standard)
   * Component: CORE Version: 5.0.2

Package Vendor: Keil
                http://www.keil.com/pack/Keil.STM32H7xx_DFP.2.7.0.pack
                Keil.STM32H7xx_DFP.2.7.0
                STMicroelectronics STM32H7 Series Device Support and Examples

<h2>Collection of Component include folders:</h2>
  .\RTE\_JYBP_gy2
  C:\Keil_v5\ARM\PACK\ARM\CMSIS\5.2.0\CMSIS\Include
  C:\Keil_v5\ARM\PACK\Keil\STM32H7xx_DFP\2.7.0\Drivers\CMSIS\Device\ST\STM32H7xx\Include

<h2>Collection of Component Files used:</h2>

   * Component: ARM::CMSIS:CORE:5.0.2
Build Time Elapsed:  00:00:04
</pre>
</body>
</html>
