<html>
<body>
<pre>
<h1>µVision Build Log</h1>
<h2>Tool Versions:</h2>
IDE-Version: ¦ÌVision V5.25.0.0
Copyright (C) 2017 ARM Ltd and ARM Germany GmbH. All rights reserved.
License Information: shizhao Feng, zzu, LIC=IK1BF-6VW0Z-ARNXW-QG833-FI8FM-K859N
 
Tool Versions:
Toolchain:       MDK-ARM Plus  Version: 5.25.0.0
Toolchain Path:  E:\Study\ARM\ARMCC\Bin
C Compiler:      Armcc.exe V5.06 update 6 (build 750)
Assembler:       Armasm.exe V5.06 update 6 (build 750)
Linker/Locator:  ArmLink.exe V5.06 update 6 (build 750)
Library Manager: ArmAr.exe V5.06 update 6 (build 750)
Hex Converter:   FromElf.exe V5.06 update 6 (build 750)
CPU DLL:         SARMCM3.DLL V5.25.0.0
Dialog DLL:      DCM.DLL V1.17.0.0
Target DLL:      CMSIS_AGDI.dll V1.28.8.0
Dialog DLL:      TCM.DLL V1.34.0.0
 
<h2>Project:</h2>
E:\File\Design\study file\STM32HT23\Cybergear-STM32H723VGTx-master\Cybergear-STM32H723VGTx-master\JYBP_gy2 _cpp_laser\MDK-ARM\JYBP_gy2.uvprojx
Project File Date:  04/16/2025

<h2>Output:</h2>
*** Using Compiler 'V5.06 update 6 (build 750)', folder: 'E:\Study\ARM\ARMCC\Bin'
Build target 'JYBP_gy2'
compiling cybergear_driver.cpp...
linking...
Program Size: Code=15320 RO-data=948 RW-data=88 ZI-data=2104  
FromELF: creating hex file...
"JYBP_gy2\JYBP_gy2.axf" - 0 Error(s), 0 Warning(s).

<h2>Software Packages used:</h2>

Package Vendor: ARM
                http://www.keil.com/pack/ARM.CMSIS.5.2.0.pack
                ARM.CMSIS.5.2.0
                CMSIS (Cortex Microcontroller Software Interface Standard)
   * Component: CORE Version: 5.0.2

Package Vendor: Keil
                http://www.keil.com/pack/Keil.STM32H7xx_DFP.2.7.0.pack
                Keil.STM32H7xx_DFP.2.7.0
                STMicroelectronics STM32H7 Series Device Support and Examples

<h2>Collection of Component include folders:</h2>
  .\RTE\_JYBP_gy2
  E:\Study\ARM\PACK\ARM\CMSIS\5.2.0\CMSIS\Include
  E:\Study\ARM\PACK\Keil\STM32H7xx_DFP\2.7.0\Drivers\CMSIS\Device\ST\STM32H7xx\Include

<h2>Collection of Component Files used:</h2>

   * Component: ARM::CMSIS:CORE:5.0.2
Build Time Elapsed:  00:00:07
</pre>
</body>
</html>
